<?xml version="1.0" encoding="UTF-8" standalone="yes"?>
<DungeonModel>
    <InitialPos>
        <x>0</x>
        <y>8</y>
    </InitialPos>
    <InitialRoomID>0</InitialRoomID>
    <Rooms>
        <ConnectingRooms>
            <StartDoorPosition>
                <x>0</x>
                <y>8</y>
            </StartDoorPosition>
            <TargetDoorPosition>
                <x>13</x>
                <y>14</y>
            </TargetDoorPosition>
            <ToRoomID>1</ToRoomID>
        </ConnectingRooms>
        <ConnectingRooms>
            <StartDoorPosition>
                <x>10</x>
                <y>3</y>
            </StartDoorPosition>
            <TargetDoorPosition>
                <x>0</x>
                <y>3</y>
            </TargetDoorPosition>
            <ToRoomID>1</ToRoomID>
        </ConnectingRooms>
        <ConnectingRooms>
            <StartDoorPosition>
                <x>0</x>
                <y>8</y>
            </StartDoorPosition>
            <TargetDoorPosition>
                <x>13</x>
                <y>14</y>
            </TargetDoorPosition>
            <ToRoomID>1</ToRoomID>
        </ConnectingRooms>
        <ConnectingRooms>
            <StartDoorPosition>
                <x>10</x>
                <y>3</y>
            </StartDoorPosition>
            <TargetDoorPosition>
                <x>0</x>
                <y>3</y>
            </TargetDoorPosition>
            <ToRoomID>1</ToRoomID>
        </ConnectingRooms>
        <EntranceSafety>0.30882352590560913</EntranceSafety>
        <Height>11</Height>
        <RoomID>0</RoomID>
        <Tiles>
            <Immutable>false</Immutable>
            <Type>WALL</Type>
            <Position>
                <x>0</x>
                <y>0</y>
            </Position>
        </Tiles>
        <Tiles>
            <Immutable>false</Immutable>
            <Type>WALL</Type>
            <Position>
                <x>1</x>
                <y>0</y>
            </Position>
        </Tiles>
        <Tiles>
            <Immutable>false</Immutable>
            <Type>WALL</Type>
            <Position>
                <x>2</x>
                <y>0</y>
            </Position>
        </Tiles>
        <Tiles>
            <Immutable>false</Immutable>
            <Type>WALL</Type>
            <Position>
                <x>3</x>
                <y>0</y>
            </Position>
        </Tiles>
        <Tiles>
            <Immutable>false</Immutable>
            <Type>WALL</Type>
            <Position>
                <x>4</x>
                <y>0</y>
            </Position>
        </Tiles>
        <Tiles>
            <Immutable>false</Immutable>
            <Type>WALL</Type>
            <Position>
                <x>5</x>
                <y>0</y>
            </Position>
        </Tiles>
        <Tiles>
            <Immutable>false</Immutable>
            <Type>WALL</Type>
            <Position>
                <x>6</x>
                <y>0</y>
            </Position>
        </Tiles>
        <Tiles>
            <Immutable>false</Immutable>
            <Type>WALL</Type>
            <Position>
                <x>7</x>
                <y>0</y>
            </Position>
        </Tiles>
        <Tiles>
            <Immutable>false</Immutable>
            <Type>WALL</Type>
            <Position>
                <x>8</x>
                <y>0</y>
            </Position>
        </Tiles>
        <Tiles>
            <Immutable>false</Immutable>
            <Type>WALL</Type>
            <Position>
                <x>9</x>
                <y>0</y>
            </Position>
        </Tiles>
        <Tiles>
            <Immutable>false</Immutable>
            <Type>WALL</Type>
            <Position>
                <x>10</x>
                <y>0</y>
            </Position>
        </Tiles>
        <Tiles>
            <Immutable>false</Immutable>
            <Type>WALL</Type>
            <Position>
                <x>0</x>
                <y>1</y>
            </Position>
        </Tiles>
        <Tiles>
            <Immutable>false</Immutable>
            <Type>TREASURE</Type>
            <Position>
                <x>1</x>
                <y>1</y>
            </Position>
        </Tiles>
        <Tiles>
            <Immutable>false</Immutable>
            <Type>TREASURE</Type>
            <Position>
                <x>2</x>
                <y>1</y>
            </Position>
        </Tiles>
        <Tiles>
            <Immutable>false</Immutable>
            <Type>FLOOR</Type>
            <Position>
                <x>3</x>
                <y>1</y>
            </Position>
        </Tiles>
        <Tiles>
            <Immutable>false</Immutable>
            <Type>WALL</Type>
            <Position>
                <x>4</x>
                <y>1</y>
            </Position>
        </Tiles>
        <Tiles>
            <Immutable>false</Immutable>
            <Type>FLOOR</Type>
            <Position>
                <x>5</x>
                <y>1</y>
            </Position>
        </Tiles>
        <Tiles>
            <Immutable>false</Immutable>
            <Type>FLOOR</Type>
            <Position>
                <x>6</x>
                <y>1</y>
            </Position>
        </Tiles>
        <Tiles>
            <Immutable>false</Immutable>
            <Type>FLOOR</Type>
            <Position>
                <x>7</x>
                <y>1</y>
            </Position>
        </Tiles>
        <Tiles>
            <Immutable>false</Immutable>
            <Type>FLOOR</Type>
            <Position>
                <x>8</x>
                <y>1</y>
            </Position>
        </Tiles>
        <Tiles>
            <Immutable>false</Immutable>
            <Type>TREASURE</Type>
            <Position>
                <x>9</x>
                <y>1</y>
            </Position>
        </Tiles>
        <Tiles>
            <Immutable>false</Immutable>
            <Type>WALL</Type>
            <Position>
                <x>10</x>
                <y>1</y>
            </Position>
        </Tiles>
        <Tiles>
            <Immutable>false</Immutable>
            <Type>WALL</Type>
            <Position>
                <x>0</x>
                <y>2</y>
            </Position>
        </Tiles>
        <Tiles>
            <Immutable>false</Immutable>
            <Type>TREASURE</Type>
            <Position>
                <x>1</x>
                <y>2</y>
            </Position>
        </Tiles>
        <Tiles>
            <Immutable>false</Immutable>
            <Type>TREASURE</Type>
            <Position>
                <x>2</x>
                <y>2</y>
            </Position>
        </Tiles>
        <Tiles>
            <Immutable>false</Immutable>
            <Type>FLOOR</Type>
            <Position>
                <x>3</x>
                <y>2</y>
            </Position>
        </Tiles>
        <Tiles>
            <Immutable>false</Immutable>
            <Type>WALL</Type>
            <Position>
                <x>4</x>
                <y>2</y>
            </Position>
        </Tiles>
        <Tiles>
            <Immutable>false</Immutable>
            <Type>FLOOR</Type>
            <Position>
                <x>5</x>
                <y>2</y>
            </Position>
        </Tiles>
        <Tiles>
            <Immutable>false</Immutable>
            <Type>FLOOR</Type>
            <Position>
                <x>6</x>
                <y>2</y>
            </Position>
        </Tiles>
        <Tiles>
            <Immutable>false</Immutable>
            <Type>WALL</Type>
            <Position>
                <x>7</x>
                <y>2</y>
            </Position>
        </Tiles>
        <Tiles>
            <Immutable>false</Immutable>
            <Type>WALL</Type>
            <Position>
                <x>8</x>
                <y>2</y>
            </Position>
        </Tiles>
        <Tiles>
            <Immutable>false</Immutable>
            <Type>WALL</Type>
            <Position>
                <x>9</x>
                <y>2</y>
            </Position>
        </Tiles>
        <Tiles>
            <Immutable>false</Immutable>
            <Type>WALL</Type>
            <Position>
                <x>10</x>
                <y>2</y>
            </Position>
        </Tiles>
        <Tiles>
            <Immutable>false</Immutable>
            <Type>WALL</Type>
            <Position>
                <x>0</x>
                <y>3</y>
            </Position>
        </Tiles>
        <Tiles>
            <Immutable>false</Immutable>
            <Type>FLOOR</Type>
            <Position>
                <x>1</x>
                <y>3</y>
            </Position>
        </Tiles>
        <Tiles>
            <Immutable>false</Immutable>
            <Type>FLOOR</Type>
            <Position>
                <x>2</x>
                <y>3</y>
            </Position>
        </Tiles>
        <Tiles>
            <Immutable>false</Immutable>
            <Type>FLOOR</Type>
            <Position>
                <x>3</x>
                <y>3</y>
            </Position>
        </Tiles>
        <Tiles>
            <Immutable>false</Immutable>
            <Type>WALL</Type>
            <Position>
                <x>4</x>
                <y>3</y>
            </Position>
        </Tiles>
        <Tiles>
            <Immutable>false</Immutable>
            <Type>FLOOR</Type>
            <Position>
                <x>5</x>
                <y>3</y>
            </Position>
        </Tiles>
        <Tiles>
            <Immutable>false</Immutable>
            <Type>FLOOR</Type>
            <Position>
                <x>6</x>
                <y>3</y>
            </Position>
        </Tiles>
        <Tiles>
            <Immutable>false</Immutable>
            <Type>FLOOR</Type>
            <Position>
                <x>7</x>
                <y>3</y>
            </Position>
        </Tiles>
        <Tiles>
            <Immutable>false</Immutable>
            <Type>FLOOR</Type>
            <Position>
                <x>8</x>
                <y>3</y>
            </Position>
        </Tiles>
        <Tiles>
            <Immutable>false</Immutable>
            <Type>FLOOR</Type>
            <Position>
                <x>9</x>
                <y>3</y>
            </Position>
        </Tiles>
        <Tiles>
            <Immutable>false</Immutable>
            <Type>DOOR</Type>
            <Position>
                <x>10</x>
                <y>3</y>
            </Position>
        </Tiles>
        <Tiles>
            <Immutable>false</Immutable>
            <Type>WALL</Type>
            <Position>
                <x>0</x>
                <y>4</y>
            </Position>
        </Tiles>
        <Tiles>
            <Immutable>false</Immutable>
            <Type>FLOOR</Type>
            <Position>
                <x>1</x>
                <y>4</y>
            </Position>
        </Tiles>
        <Tiles>
            <Immutable>false</Immutable>
            <Type>WALL</Type>
            <Position>
                <x>2</x>
                <y>4</y>
            </Position>
        </Tiles>
        <Tiles>
            <Immutable>false</Immutable>
            <Type>WALL</Type>
            <Position>
                <x>3</x>
                <y>4</y>
            </Position>
        </Tiles>
        <Tiles>
            <Immutable>false</Immutable>
            <Type>WALL</Type>
            <Position>
                <x>4</x>
                <y>4</y>
            </Position>
        </Tiles>
        <Tiles>
            <Immutable>false</Immutable>
            <Type>FLOOR</Type>
            <Position>
                <x>5</x>
                <y>4</y>
            </Position>
        </Tiles>
        <Tiles>
            <Immutable>false</Immutable>
            <Type>FLOOR</Type>
            <Position>
                <x>6</x>
                <y>4</y>
            </Position>
        </Tiles>
        <Tiles>
            <Immutable>false</Immutable>
            <Type>FLOOR</Type>
            <Position>
                <x>7</x>
                <y>4</y>
            </Position>
        </Tiles>
        <Tiles>
            <Immutable>false</Immutable>
            <Type>FLOOR</Type>
            <Position>
                <x>8</x>
                <y>4</y>
            </Position>
        </Tiles>
        <Tiles>
            <Immutable>false</Immutable>
            <Type>WALL</Type>
            <Position>
                <x>9</x>
                <y>4</y>
            </Position>
        </Tiles>
        <Tiles>
            <Immutable>false</Immutable>
            <Type>WALL</Type>
            <Position>
                <x>10</x>
                <y>4</y>
            </Position>
        </Tiles>
        <Tiles>
            <Immutable>false</Immutable>
            <Type>WALL</Type>
            <Position>
                <x>0</x>
                <y>5</y>
            </Position>
        </Tiles>
        <Tiles>
            <Immutable>false</Immutable>
            <Type>FLOOR</Type>
            <Position>
                <x>1</x>
                <y>5</y>
            </Position>
        </Tiles>
        <Tiles>
            <Immutable>false</Immutable>
            <Type>FLOOR</Type>
            <Position>
                <x>2</x>
                <y>5</y>
            </Position>
        </Tiles>
        <Tiles>
            <Immutable>false</Immutable>
            <Type>ENEMY</Type>
            <Position>
                <x>3</x>
                <y>5</y>
            </Position>
        </Tiles>
        <Tiles>
            <Immutable>false</Immutable>
            <Type>FLOOR</Type>
            <Position>
                <x>4</x>
                <y>5</y>
            </Position>
        </Tiles>
        <Tiles>
            <Immutable>false</Immutable>
            <Type>FLOOR</Type>
            <Position>
                <x>5</x>
                <y>5</y>
            </Position>
        </Tiles>
        <Tiles>
            <Immutable>false</Immutable>
            <Type>FLOOR</Type>
            <Position>
                <x>6</x>
                <y>5</y>
            </Position>
        </Tiles>
        <Tiles>
            <Immutable>false</Immutable>
            <Type>FLOOR</Type>
            <Position>
                <x>7</x>
                <y>5</y>
            </Position>
        </Tiles>
        <Tiles>
            <Immutable>false</Immutable>
            <Type>FLOOR</Type>
            <Position>
                <x>8</x>
                <y>5</y>
            </Position>
        </Tiles>
        <Tiles>
            <Immutable>false</Immutable>
            <Type>FLOOR</Type>
            <Position>
                <x>9</x>
                <y>5</y>
            </Position>
        </Tiles>
        <Tiles>
            <Immutable>false</Immutable>
            <Type>WALL</Type>
            <Position>
                <x>10</x>
                <y>5</y>
            </Position>
        </Tiles>
        <Tiles>
            <Immutable>false</Immutable>
            <Type>WALL</Type>
            <Position>
                <x>0</x>
                <y>6</y>
            </Position>
        </Tiles>
        <Tiles>
            <Immutable>false</Immutable>
            <Type>FLOOR</Type>
            <Position>
                <x>1</x>
                <y>6</y>
            </Position>
        </Tiles>
        <Tiles>
            <Immutable>false</Immutable>
            <Type>FLOOR</Type>
            <Position>
                <x>2</x>
                <y>6</y>
            </Position>
        </Tiles>
        <Tiles>
            <Immutable>false</Immutable>
            <Type>FLOOR</Type>
            <Position>
                <x>3</x>
                <y>6</y>
            </Position>
        </Tiles>
        <Tiles>
            <Immutable>false</Immutable>
            <Type>FLOOR</Type>
            <Position>
                <x>4</x>
                <y>6</y>
            </Position>
        </Tiles>
        <Tiles>
            <Immutable>false</Immutable>
            <Type>FLOOR</Type>
            <Position>
                <x>5</x>
                <y>6</y>
            </Position>
        </Tiles>
        <Tiles>
            <Immutable>false</Immutable>
            <Type>FLOOR</Type>
            <Position>
                <x>6</x>
                <y>6</y>
            </Position>
        </Tiles>
        <Tiles>
            <Immutable>false</Immutable>
            <Type>FLOOR</Type>
            <Position>
                <x>7</x>
                <y>6</y>
            </Position>
        </Tiles>
        <Tiles>
            <Immutable>false</Immutable>
            <Type>WALL</Type>
            <Position>
                <x>8</x>
                <y>6</y>
            </Position>
        </Tiles>
        <Tiles>
            <Immutable>false</Immutable>
            <Type>WALL</Type>
            <Position>
                <x>9</x>
                <y>6</y>
            </Position>
        </Tiles>
        <Tiles>
            <Immutable>false</Immutable>
            <Type>WALL</Type>
            <Position>
                <x>10</x>
                <y>6</y>
            </Position>
        </Tiles>
        <Tiles>
            <Immutable>false</Immutable>
            <Type>WALL</Type>
            <Position>
                <x>0</x>
                <y>7</y>
            </Position>
        </Tiles>
        <Tiles>
            <Immutable>false</Immutable>
            <Type>FLOOR</Type>
            <Position>
                <x>1</x>
                <y>7</y>
            </Position>
        </Tiles>
        <Tiles>
            <Immutable>false</Immutable>
            <Type>FLOOR</Type>
            <Position>
                <x>2</x>
                <y>7</y>
            </Position>
        </Tiles>
        <Tiles>
            <Immutable>false</Immutable>
            <Type>FLOOR</Type>
            <Position>
                <x>3</x>
                <y>7</y>
            </Position>
        </Tiles>
        <Tiles>
            <Immutable>false</Immutable>
            <Type>FLOOR</Type>
            <Position>
                <x>4</x>
                <y>7</y>
            </Position>
        </Tiles>
        <Tiles>
            <Immutable>false</Immutable>
            <Type>WALL</Type>
            <Position>
                <x>5</x>
                <y>7</y>
            </Position>
        </Tiles>
        <Tiles>
            <Immutable>false</Immutable>
            <Type>FLOOR</Type>
            <Position>
                <x>6</x>
                <y>7</y>
            </Position>
        </Tiles>
        <Tiles>
            <Immutable>false</Immutable>
            <Type>FLOOR</Type>
            <Position>
                <x>7</x>
                <y>7</y>
            </Position>
        </Tiles>
        <Tiles>
            <Immutable>false</Immutable>
            <Type>FLOOR</Type>
            <Position>
                <x>8</x>
                <y>7</y>
            </Position>
        </Tiles>
        <Tiles>
            <Immutable>false</Immutable>
            <Type>FLOOR</Type>
            <Position>
                <x>9</x>
                <y>7</y>
            </Position>
        </Tiles>
        <Tiles>
            <Immutable>false</Immutable>
            <Type>WALL</Type>
            <Position>
                <x>10</x>
                <y>7</y>
            </Position>
        </Tiles>
        <Tiles>
            <Immutable>false</Immutable>
            <Type>DOORENTER</Type>
            <Position>
                <x>0</x>
                <y>8</y>
            </Position>
        </Tiles>
        <Tiles>
            <Immutable>false</Immutable>
            <Type>FLOOR</Type>
            <Position>
                <x>1</x>
                <y>8</y>
            </Position>
        </Tiles>
        <Tiles>
            <Immutable>false</Immutable>
            <Type>FLOOR</Type>
            <Position>
                <x>2</x>
                <y>8</y>
            </Position>
        </Tiles>
        <Tiles>
            <Immutable>false</Immutable>
            <Type>FLOOR</Type>
            <Position>
                <x>3</x>
                <y>8</y>
            </Position>
        </Tiles>
        <Tiles>
            <Immutable>false</Immutable>
            <Type>FLOOR</Type>
            <Position>
                <x>4</x>
                <y>8</y>
            </Position>
        </Tiles>
        <Tiles>
            <Immutable>false</Immutable>
            <Type>WALL</Type>
            <Position>
                <x>5</x>
                <y>8</y>
            </Position>
        </Tiles>
        <Tiles>
            <Immutable>false</Immutable>
            <Type>FLOOR</Type>
            <Position>
                <x>6</x>
                <y>8</y>
            </Position>
        </Tiles>
        <Tiles>
            <Immutable>false</Immutable>
            <Type>ENEMY</Type>
            <Position>
                <x>7</x>
                <y>8</y>
            </Position>
        </Tiles>
        <Tiles>
            <Immutable>false</Immutable>
            <Type>FLOOR</Type>
            <Position>
                <x>8</x>
                <y>8</y>
            </Position>
        </Tiles>
        <Tiles>
            <Immutable>false</Immutable>
            <Type>TREASURE</Type>
            <Position>
                <x>9</x>
                <y>8</y>
            </Position>
        </Tiles>
        <Tiles>
            <Immutable>false</Immutable>
            <Type>WALL</Type>
            <Position>
                <x>10</x>
                <y>8</y>
            </Position>
        </Tiles>
        <Tiles>
            <Immutable>false</Immutable>
            <Type>WALL</Type>
            <Position>
                <x>0</x>
                <y>9</y>
            </Position>
        </Tiles>
        <Tiles>
            <Immutable>false</Immutable>
            <Type>TREASURE</Type>
            <Position>
                <x>1</x>
                <y>9</y>
            </Position>
        </Tiles>
        <Tiles>
            <Immutable>false</Immutable>
            <Type>FLOOR</Type>
            <Position>
                <x>2</x>
                <y>9</y>
            </Position>
        </Tiles>
        <Tiles>
            <Immutable>false</Immutable>
            <Type>FLOOR</Type>
            <Position>
                <x>3</x>
                <y>9</y>
            </Position>
        </Tiles>
        <Tiles>
            <Immutable>false</Immutable>
            <Type>FLOOR</Type>
            <Position>
                <x>4</x>
                <y>9</y>
            </Position>
        </Tiles>
        <Tiles>
            <Immutable>false</Immutable>
            <Type>WALL</Type>
            <Position>
                <x>5</x>
                <y>9</y>
            </Position>
        </Tiles>
        <Tiles>
            <Immutable>false</Immutable>
            <Type>FLOOR</Type>
            <Position>
                <x>6</x>
                <y>9</y>
            </Position>
        </Tiles>
        <Tiles>
            <Immutable>false</Immutable>
            <Type>FLOOR</Type>
            <Position>
                <x>7</x>
                <y>9</y>
            </Position>
        </Tiles>
        <Tiles>
            <Immutable>false</Immutable>
            <Type>TREASURE</Type>
            <Position>
                <x>8</x>
                <y>9</y>
            </Position>
        </Tiles>
        <Tiles>
            <Immutable>false</Immutable>
            <Type>TREASURE</Type>
            <Position>
                <x>9</x>
                <y>9</y>
            </Position>
        </Tiles>
        <Tiles>
            <Immutable>false</Immutable>
            <Type>WALL</Type>
            <Position>
                <x>10</x>
                <y>9</y>
            </Position>
        </Tiles>
        <Tiles>
            <Immutable>false</Immutable>
            <Type>WALL</Type>
            <Position>
                <x>0</x>
                <y>10</y>
            </Position>
        </Tiles>
        <Tiles>
            <Immutable>false</Immutable>
            <Type>WALL</Type>
            <Position>
                <x>1</x>
                <y>10</y>
            </Position>
        </Tiles>
        <Tiles>
            <Immutable>false</Immutable>
            <Type>WALL</Type>
            <Position>
                <x>2</x>
                <y>10</y>
            </Position>
        </Tiles>
        <Tiles>
            <Immutable>false</Immutable>
            <Type>WALL</Type>
            <Position>
                <x>3</x>
                <y>10</y>
            </Position>
        </Tiles>
        <Tiles>
            <Immutable>false</Immutable>
            <Type>WALL</Type>
            <Position>
                <x>4</x>
                <y>10</y>
            </Position>
        </Tiles>
        <Tiles>
            <Immutable>false</Immutable>
            <Type>WALL</Type>
            <Position>
                <x>5</x>
                <y>10</y>
            </Position>
        </Tiles>
        <Tiles>
            <Immutable>false</Immutable>
            <Type>WALL</Type>
            <Position>
                <x>6</x>
                <y>10</y>
            </Position>
        </Tiles>
        <Tiles>
            <Immutable>false</Immutable>
            <Type>WALL</Type>
            <Position>
                <x>7</x>
                <y>10</y>
            </Position>
        </Tiles>
        <Tiles>
            <Immutable>false</Immutable>
            <Type>WALL</Type>
            <Position>
                <x>8</x>
                <y>10</y>
            </Position>
        </Tiles>
        <Tiles>
            <Immutable>false</Immutable>
            <Type>WALL</Type>
            <Position>
                <x>9</x>
                <y>10</y>
            </Position>
        </Tiles>
        <Tiles>
            <Immutable>false</Immutable>
            <Type>WALL</Type>
            <Position>
                <x>10</x>
                <y>10</y>
            </Position>
        </Tiles>
        <Width>11</Width>
    </Rooms>
    <Rooms>
        <ConnectingRooms>
            <StartDoorPosition>
                <x>13</x>
                <y>14</y>
            </StartDoorPosition>
            <TargetDoorPosition>
                <x>0</x>
                <y>8</y>
            </TargetDoorPosition>
            <ToRoomID>0</ToRoomID>
        </ConnectingRooms>
        <ConnectingRooms>
            <StartDoorPosition>
                <x>0</x>
                <y>3</y>
            </StartDoorPosition>
            <TargetDoorPosition>
                <x>10</x>
                <y>3</y>
            </TargetDoorPosition>
            <ToRoomID>0</ToRoomID>
        </ConnectingRooms>
        <ConnectingRooms>
            <StartDoorPosition>
                <x>13</x>
                <y>14</y>
            </StartDoorPosition>
            <TargetDoorPosition>
                <x>0</x>
                <y>8</y>
            </TargetDoorPosition>
            <ToRoomID>0</ToRoomID>
        </ConnectingRooms>
        <ConnectingRooms>
            <StartDoorPosition>
                <x>0</x>
                <y>3</y>
            </StartDoorPosition>
            <TargetDoorPosition>
                <x>10</x>
                <y>3</y>
            </TargetDoorPosition>
            <ToRoomID>0</ToRoomID>
        </ConnectingRooms>
        <EntranceSafety>0.0</EntranceSafety>
        <Height>15</Height>
        <RoomID>1</RoomID>
        <Tiles>
            <Immutable>false</Immutable>
            <Type>FLOOR</Type>
            <Position>
                <x>0</x>
                <y>0</y>
            </Position>
        </Tiles>
        <Tiles>
            <Immutable>false</Immutable>
            <Type>FLOOR</Type>
            <Position>
                <x>1</x>
                <y>0</y>
            </Position>
        </Tiles>
        <Tiles>
            <Immutable>false</Immutable>
            <Type>FLOOR</Type>
            <Position>
                <x>2</x>
                <y>0</y>
            </Position>
        </Tiles>
        <Tiles>
            <Immutable>false</Immutable>
            <Type>FLOOR</Type>
            <Position>
                <x>3</x>
                <y>0</y>
            </Position>
        </Tiles>
        <Tiles>
            <Immutable>false</Immutable>
            <Type>FLOOR</Type>
            <Position>
                <x>4</x>
                <y>0</y>
            </Position>
        </Tiles>
        <Tiles>
            <Immutable>false</Immutable>
            <Type>FLOOR</Type>
            <Position>
                <x>5</x>
                <y>0</y>
            </Position>
        </Tiles>
        <Tiles>
            <Immutable>false</Immutable>
            <Type>FLOOR</Type>
            <Position>
                <x>6</x>
                <y>0</y>
            </Position>
        </Tiles>
        <Tiles>
            <Immutable>false</Immutable>
            <Type>FLOOR</Type>
            <Position>
                <x>7</x>
                <y>0</y>
            </Position>
        </Tiles>
        <Tiles>
            <Immutable>false</Immutable>
            <Type>FLOOR</Type>
            <Position>
                <x>8</x>
                <y>0</y>
            </Position>
        </Tiles>
        <Tiles>
            <Immutable>false</Immutable>
            <Type>FLOOR</Type>
            <Position>
                <x>9</x>
                <y>0</y>
            </Position>
        </Tiles>
        <Tiles>
            <Immutable>false</Immutable>
            <Type>FLOOR</Type>
            <Position>
                <x>10</x>
                <y>0</y>
            </Position>
        </Tiles>
        <Tiles>
            <Immutable>false</Immutable>
            <Type>FLOOR</Type>
            <Position>
                <x>11</x>
                <y>0</y>
            </Position>
        </Tiles>
        <Tiles>
            <Immutable>false</Immutable>
            <Type>FLOOR</Type>
            <Position>
                <x>12</x>
                <y>0</y>
            </Position>
        </Tiles>
        <Tiles>
            <Immutable>false</Immutable>
            <Type>FLOOR</Type>
            <Position>
                <x>13</x>
                <y>0</y>
            </Position>
        </Tiles>
        <Tiles>
            <Immutable>false</Immutable>
            <Type>FLOOR</Type>
            <Position>
                <x>14</x>
                <y>0</y>
            </Position>
        </Tiles>
        <Tiles>
            <Immutable>false</Immutable>
            <Type>FLOOR</Type>
            <Position>
                <x>0</x>
                <y>1</y>
            </Position>
        </Tiles>
        <Tiles>
            <Immutable>false</Immutable>
            <Type>FLOOR</Type>
            <Position>
                <x>1</x>
                <y>1</y>
            </Position>
        </Tiles>
        <Tiles>
            <Immutable>false</Immutable>
            <Type>FLOOR</Type>
            <Position>
                <x>2</x>
                <y>1</y>
            </Position>
        </Tiles>
        <Tiles>
            <Immutable>false</Immutable>
            <Type>FLOOR</Type>
            <Position>
                <x>3</x>
                <y>1</y>
            </Position>
        </Tiles>
        <Tiles>
            <Immutable>false</Immutable>
            <Type>FLOOR</Type>
            <Position>
                <x>4</x>
                <y>1</y>
            </Position>
        </Tiles>
        <Tiles>
            <Immutable>false</Immutable>
            <Type>FLOOR</Type>
            <Position>
                <x>5</x>
                <y>1</y>
            </Position>
        </Tiles>
        <Tiles>
            <Immutable>false</Immutable>
            <Type>FLOOR</Type>
            <Position>
                <x>6</x>
                <y>1</y>
            </Position>
        </Tiles>
        <Tiles>
            <Immutable>false</Immutable>
            <Type>FLOOR</Type>
            <Position>
                <x>7</x>
                <y>1</y>
            </Position>
        </Tiles>
        <Tiles>
            <Immutable>false</Immutable>
            <Type>FLOOR</Type>
            <Position>
                <x>8</x>
                <y>1</y>
            </Position>
        </Tiles>
        <Tiles>
            <Immutable>false</Immutable>
            <Type>FLOOR</Type>
            <Position>
                <x>9</x>
                <y>1</y>
            </Position>
        </Tiles>
        <Tiles>
            <Immutable>false</Immutable>
            <Type>FLOOR</Type>
            <Position>
                <x>10</x>
                <y>1</y>
            </Position>
        </Tiles>
        <Tiles>
            <Immutable>false</Immutable>
            <Type>FLOOR</Type>
            <Position>
                <x>11</x>
                <y>1</y>
            </Position>
        </Tiles>
        <Tiles>
            <Immutable>false</Immutable>
            <Type>FLOOR</Type>
            <Position>
                <x>12</x>
                <y>1</y>
            </Position>
        </Tiles>
        <Tiles>
            <Immutable>false</Immutable>
            <Type>FLOOR</Type>
            <Position>
                <x>13</x>
                <y>1</y>
            </Position>
        </Tiles>
        <Tiles>
            <Immutable>false</Immutable>
            <Type>FLOOR</Type>
            <Position>
                <x>14</x>
                <y>1</y>
            </Position>
        </Tiles>
        <Tiles>
            <Immutable>false</Immutable>
            <Type>FLOOR</Type>
            <Position>
                <x>0</x>
                <y>2</y>
            </Position>
        </Tiles>
        <Tiles>
            <Immutable>false</Immutable>
            <Type>FLOOR</Type>
            <Position>
                <x>1</x>
                <y>2</y>
            </Position>
        </Tiles>
        <Tiles>
            <Immutable>false</Immutable>
            <Type>FLOOR</Type>
            <Position>
                <x>2</x>
                <y>2</y>
            </Position>
        </Tiles>
        <Tiles>
            <Immutable>false</Immutable>
            <Type>FLOOR</Type>
            <Position>
                <x>3</x>
                <y>2</y>
            </Position>
        </Tiles>
        <Tiles>
            <Immutable>false</Immutable>
            <Type>FLOOR</Type>
            <Position>
                <x>4</x>
                <y>2</y>
            </Position>
        </Tiles>
        <Tiles>
            <Immutable>false</Immutable>
            <Type>FLOOR</Type>
            <Position>
                <x>5</x>
                <y>2</y>
            </Position>
        </Tiles>
        <Tiles>
            <Immutable>false</Immutable>
            <Type>FLOOR</Type>
            <Position>
                <x>6</x>
                <y>2</y>
            </Position>
        </Tiles>
        <Tiles>
            <Immutable>false</Immutable>
            <Type>FLOOR</Type>
            <Position>
                <x>7</x>
                <y>2</y>
            </Position>
        </Tiles>
        <Tiles>
            <Immutable>false</Immutable>
            <Type>FLOOR</Type>
            <Position>
                <x>8</x>
                <y>2</y>
            </Position>
        </Tiles>
        <Tiles>
            <Immutable>false</Immutable>
            <Type>FLOOR</Type>
            <Position>
                <x>9</x>
                <y>2</y>
            </Position>
        </Tiles>
        <Tiles>
            <Immutable>false</Immutable>
            <Type>FLOOR</Type>
            <Position>
                <x>10</x>
                <y>2</y>
            </Position>
        </Tiles>
        <Tiles>
            <Immutable>false</Immutable>
            <Type>FLOOR</Type>
            <Position>
                <x>11</x>
                <y>2</y>
            </Position>
        </Tiles>
        <Tiles>
            <Immutable>false</Immutable>
            <Type>FLOOR</Type>
            <Position>
                <x>12</x>
                <y>2</y>
            </Position>
        </Tiles>
        <Tiles>
            <Immutable>false</Immutable>
            <Type>FLOOR</Type>
            <Position>
                <x>13</x>
                <y>2</y>
            </Position>
        </Tiles>
        <Tiles>
            <Immutable>false</Immutable>
            <Type>FLOOR</Type>
            <Position>
                <x>14</x>
                <y>2</y>
            </Position>
        </Tiles>
        <Tiles>
            <Immutable>false</Immutable>
            <Type>DOOR</Type>
            <Position>
                <x>0</x>
                <y>3</y>
            </Position>
        </Tiles>
        <Tiles>
            <Immutable>false</Immutable>
            <Type>FLOOR</Type>
            <Position>
                <x>1</x>
                <y>3</y>
            </Position>
        </Tiles>
        <Tiles>
            <Immutable>false</Immutable>
            <Type>FLOOR</Type>
            <Position>
                <x>2</x>
                <y>3</y>
            </Position>
        </Tiles>
        <Tiles>
            <Immutable>false</Immutable>
            <Type>FLOOR</Type>
            <Position>
                <x>3</x>
                <y>3</y>
            </Position>
        </Tiles>
        <Tiles>
            <Immutable>false</Immutable>
            <Type>FLOOR</Type>
            <Position>
                <x>4</x>
                <y>3</y>
            </Position>
        </Tiles>
        <Tiles>
            <Immutable>false</Immutable>
            <Type>FLOOR</Type>
            <Position>
                <x>5</x>
                <y>3</y>
            </Position>
        </Tiles>
        <Tiles>
            <Immutable>false</Immutable>
            <Type>FLOOR</Type>
            <Position>
                <x>6</x>
                <y>3</y>
            </Position>
        </Tiles>
        <Tiles>
            <Immutable>false</Immutable>
            <Type>FLOOR</Type>
            <Position>
                <x>7</x>
                <y>3</y>
            </Position>
        </Tiles>
        <Tiles>
            <Immutable>false</Immutable>
            <Type>FLOOR</Type>
            <Position>
                <x>8</x>
                <y>3</y>
            </Position>
        </Tiles>
        <Tiles>
            <Immutable>false</Immutable>
            <Type>FLOOR</Type>
            <Position>
                <x>9</x>
                <y>3</y>
            </Position>
        </Tiles>
        <Tiles>
            <Immutable>false</Immutable>
            <Type>FLOOR</Type>
            <Position>
                <x>10</x>
                <y>3</y>
            </Position>
        </Tiles>
        <Tiles>
            <Immutable>false</Immutable>
            <Type>FLOOR</Type>
            <Position>
                <x>11</x>
                <y>3</y>
            </Position>
        </Tiles>
        <Tiles>
            <Immutable>false</Immutable>
            <Type>FLOOR</Type>
            <Position>
                <x>12</x>
                <y>3</y>
            </Position>
        </Tiles>
        <Tiles>
            <Immutable>false</Immutable>
            <Type>FLOOR</Type>
            <Position>
                <x>13</x>
                <y>3</y>
            </Position>
        </Tiles>
        <Tiles>
            <Immutable>false</Immutable>
            <Type>FLOOR</Type>
            <Position>
                <x>14</x>
                <y>3</y>
            </Position>
        </Tiles>
        <Tiles>
            <Immutable>false</Immutable>
            <Type>FLOOR</Type>
            <Position>
                <x>0</x>
                <y>4</y>
            </Position>
        </Tiles>
        <Tiles>
            <Immutable>false</Immutable>
            <Type>FLOOR</Type>
            <Position>
                <x>1</x>
                <y>4</y>
            </Position>
        </Tiles>
        <Tiles>
            <Immutable>false</Immutable>
            <Type>FLOOR</Type>
            <Position>
                <x>2</x>
                <y>4</y>
            </Position>
        </Tiles>
        <Tiles>
            <Immutable>false</Immutable>
            <Type>FLOOR</Type>
            <Position>
                <x>3</x>
                <y>4</y>
            </Position>
        </Tiles>
        <Tiles>
            <Immutable>false</Immutable>
            <Type>FLOOR</Type>
            <Position>
                <x>4</x>
                <y>4</y>
            </Position>
        </Tiles>
        <Tiles>
            <Immutable>false</Immutable>
            <Type>FLOOR</Type>
            <Position>
                <x>5</x>
                <y>4</y>
            </Position>
        </Tiles>
        <Tiles>
            <Immutable>false</Immutable>
            <Type>FLOOR</Type>
            <Position>
                <x>6</x>
                <y>4</y>
            </Position>
        </Tiles>
        <Tiles>
            <Immutable>false</Immutable>
            <Type>FLOOR</Type>
            <Position>
                <x>7</x>
                <y>4</y>
            </Position>
        </Tiles>
        <Tiles>
            <Immutable>false</Immutable>
            <Type>FLOOR</Type>
            <Position>
                <x>8</x>
                <y>4</y>
            </Position>
        </Tiles>
        <Tiles>
            <Immutable>false</Immutable>
            <Type>FLOOR</Type>
            <Position>
                <x>9</x>
                <y>4</y>
            </Position>
        </Tiles>
        <Tiles>
            <Immutable>false</Immutable>
            <Type>FLOOR</Type>
            <Position>
                <x>10</x>
                <y>4</y>
            </Position>
        </Tiles>
        <Tiles>
            <Immutable>false</Immutable>
            <Type>FLOOR</Type>
            <Position>
                <x>11</x>
                <y>4</y>
            </Position>
        </Tiles>
        <Tiles>
            <Immutable>false</Immutable>
            <Type>FLOOR</Type>
            <Position>
                <x>12</x>
                <y>4</y>
            </Position>
        </Tiles>
        <Tiles>
            <Immutable>false</Immutable>
            <Type>FLOOR</Type>
            <Position>
                <x>13</x>
                <y>4</y>
            </Position>
        </Tiles>
        <Tiles>
            <Immutable>false</Immutable>
            <Type>FLOOR</Type>
            <Position>
                <x>14</x>
                <y>4</y>
            </Position>
        </Tiles>
        <Tiles>
            <Immutable>false</Immutable>
            <Type>FLOOR</Type>
            <Position>
                <x>0</x>
                <y>5</y>
            </Position>
        </Tiles>
        <Tiles>
            <Immutable>false</Immutable>
            <Type>FLOOR</Type>
            <Position>
                <x>1</x>
                <y>5</y>
            </Position>
        </Tiles>
        <Tiles>
            <Immutable>false</Immutable>
            <Type>FLOOR</Type>
            <Position>
                <x>2</x>
                <y>5</y>
            </Position>
        </Tiles>
        <Tiles>
            <Immutable>false</Immutable>
            <Type>FLOOR</Type>
            <Position>
                <x>3</x>
                <y>5</y>
            </Position>
        </Tiles>
        <Tiles>
            <Immutable>false</Immutable>
            <Type>FLOOR</Type>
            <Position>
                <x>4</x>
                <y>5</y>
            </Position>
        </Tiles>
        <Tiles>
            <Immutable>false</Immutable>
            <Type>FLOOR</Type>
            <Position>
                <x>5</x>
                <y>5</y>
            </Position>
        </Tiles>
        <Tiles>
            <Immutable>false</Immutable>
            <Type>FLOOR</Type>
            <Position>
                <x>6</x>
                <y>5</y>
            </Position>
        </Tiles>
        <Tiles>
            <Immutable>false</Immutable>
            <Type>FLOOR</Type>
            <Position>
                <x>7</x>
                <y>5</y>
            </Position>
        </Tiles>
        <Tiles>
            <Immutable>false</Immutable>
            <Type>FLOOR</Type>
            <Position>
                <x>8</x>
                <y>5</y>
            </Position>
        </Tiles>
        <Tiles>
            <Immutable>false</Immutable>
            <Type>FLOOR</Type>
            <Position>
                <x>9</x>
                <y>5</y>
            </Position>
        </Tiles>
        <Tiles>
            <Immutable>false</Immutable>
            <Type>FLOOR</Type>
            <Position>
                <x>10</x>
                <y>5</y>
            </Position>
        </Tiles>
        <Tiles>
            <Immutable>false</Immutable>
            <Type>FLOOR</Type>
            <Position>
                <x>11</x>
                <y>5</y>
            </Position>
        </Tiles>
        <Tiles>
            <Immutable>false</Immutable>
            <Type>FLOOR</Type>
            <Position>
                <x>12</x>
                <y>5</y>
            </Position>
        </Tiles>
        <Tiles>
            <Immutable>false</Immutable>
            <Type>FLOOR</Type>
            <Position>
                <x>13</x>
                <y>5</y>
            </Position>
        </Tiles>
        <Tiles>
            <Immutable>false</Immutable>
            <Type>FLOOR</Type>
            <Position>
                <x>14</x>
                <y>5</y>
            </Position>
        </Tiles>
        <Tiles>
            <Immutable>false</Immutable>
            <Type>FLOOR</Type>
            <Position>
                <x>0</x>
                <y>6</y>
            </Position>
        </Tiles>
        <Tiles>
            <Immutable>false</Immutable>
            <Type>FLOOR</Type>
            <Position>
                <x>1</x>
                <y>6</y>
            </Position>
        </Tiles>
        <Tiles>
            <Immutable>false</Immutable>
            <Type>FLOOR</Type>
            <Position>
                <x>2</x>
                <y>6</y>
            </Position>
        </Tiles>
        <Tiles>
            <Immutable>false</Immutable>
            <Type>FLOOR</Type>
            <Position>
                <x>3</x>
                <y>6</y>
            </Position>
        </Tiles>
        <Tiles>
            <Immutable>false</Immutable>
            <Type>FLOOR</Type>
            <Position>
                <x>4</x>
                <y>6</y>
            </Position>
        </Tiles>
        <Tiles>
            <Immutable>false</Immutable>
            <Type>FLOOR</Type>
            <Position>
                <x>5</x>
                <y>6</y>
            </Position>
        </Tiles>
        <Tiles>
            <Immutable>false</Immutable>
            <Type>FLOOR</Type>
            <Position>
                <x>6</x>
                <y>6</y>
            </Position>
        </Tiles>
        <Tiles>
            <Immutable>false</Immutable>
            <Type>FLOOR</Type>
            <Position>
                <x>7</x>
                <y>6</y>
            </Position>
        </Tiles>
        <Tiles>
            <Immutable>false</Immutable>
            <Type>FLOOR</Type>
            <Position>
                <x>8</x>
                <y>6</y>
            </Position>
        </Tiles>
        <Tiles>
            <Immutable>false</Immutable>
            <Type>FLOOR</Type>
            <Position>
                <x>9</x>
                <y>6</y>
            </Position>
        </Tiles>
        <Tiles>
            <Immutable>false</Immutable>
            <Type>FLOOR</Type>
            <Position>
                <x>10</x>
                <y>6</y>
            </Position>
        </Tiles>
        <Tiles>
            <Immutable>false</Immutable>
            <Type>FLOOR</Type>
            <Position>
                <x>11</x>
                <y>6</y>
            </Position>
        </Tiles>
        <Tiles>
            <Immutable>false</Immutable>
            <Type>FLOOR</Type>
            <Position>
                <x>12</x>
                <y>6</y>
            </Position>
        </Tiles>
        <Tiles>
            <Immutable>false</Immutable>
            <Type>FLOOR</Type>
            <Position>
                <x>13</x>
                <y>6</y>
            </Position>
        </Tiles>
        <Tiles>
            <Immutable>false</Immutable>
            <Type>FLOOR</Type>
            <Position>
                <x>14</x>
                <y>6</y>
            </Position>
        </Tiles>
        <Tiles>
            <Immutable>false</Immutable>
            <Type>FLOOR</Type>
            <Position>
                <x>0</x>
                <y>7</y>
            </Position>
        </Tiles>
        <Tiles>
            <Immutable>false</Immutable>
            <Type>FLOOR</Type>
            <Position>
                <x>1</x>
                <y>7</y>
            </Position>
        </Tiles>
        <Tiles>
            <Immutable>false</Immutable>
            <Type>FLOOR</Type>
            <Position>
                <x>2</x>
                <y>7</y>
            </Position>
        </Tiles>
        <Tiles>
            <Immutable>false</Immutable>
            <Type>FLOOR</Type>
            <Position>
                <x>3</x>
                <y>7</y>
            </Position>
        </Tiles>
        <Tiles>
            <Immutable>false</Immutable>
            <Type>FLOOR</Type>
            <Position>
                <x>4</x>
                <y>7</y>
            </Position>
        </Tiles>
        <Tiles>
            <Immutable>false</Immutable>
            <Type>FLOOR</Type>
            <Position>
                <x>5</x>
                <y>7</y>
            </Position>
        </Tiles>
        <Tiles>
            <Immutable>false</Immutable>
            <Type>FLOOR</Type>
            <Position>
                <x>6</x>
                <y>7</y>
            </Position>
        </Tiles>
        <Tiles>
            <Immutable>false</Immutable>
            <Type>FLOOR</Type>
            <Position>
                <x>7</x>
                <y>7</y>
            </Position>
        </Tiles>
        <Tiles>
            <Immutable>false</Immutable>
            <Type>FLOOR</Type>
            <Position>
                <x>8</x>
                <y>7</y>
            </Position>
        </Tiles>
        <Tiles>
            <Immutable>false</Immutable>
            <Type>FLOOR</Type>
            <Position>
                <x>9</x>
                <y>7</y>
            </Position>
        </Tiles>
        <Tiles>
            <Immutable>false</Immutable>
            <Type>FLOOR</Type>
            <Position>
                <x>10</x>
                <y>7</y>
            </Position>
        </Tiles>
        <Tiles>
            <Immutable>false</Immutable>
            <Type>FLOOR</Type>
            <Position>
                <x>11</x>
                <y>7</y>
            </Position>
        </Tiles>
        <Tiles>
            <Immutable>false</Immutable>
            <Type>FLOOR</Type>
            <Position>
                <x>12</x>
                <y>7</y>
            </Position>
        </Tiles>
        <Tiles>
            <Immutable>false</Immutable>
            <Type>FLOOR</Type>
            <Position>
                <x>13</x>
                <y>7</y>
            </Position>
        </Tiles>
        <Tiles>
            <Immutable>false</Immutable>
            <Type>FLOOR</Type>
            <Position>
                <x>14</x>
                <y>7</y>
            </Position>
        </Tiles>
        <Tiles>
            <Immutable>false</Immutable>
            <Type>FLOOR</Type>
            <Position>
                <x>0</x>
                <y>8</y>
            </Position>
        </Tiles>
        <Tiles>
            <Immutable>false</Immutable>
            <Type>FLOOR</Type>
            <Position>
                <x>1</x>
                <y>8</y>
            </Position>
        </Tiles>
        <Tiles>
            <Immutable>false</Immutable>
            <Type>FLOOR</Type>
            <Position>
                <x>2</x>
                <y>8</y>
            </Position>
        </Tiles>
        <Tiles>
            <Immutable>false</Immutable>
            <Type>FLOOR</Type>
            <Position>
                <x>3</x>
                <y>8</y>
            </Position>
        </Tiles>
        <Tiles>
            <Immutable>false</Immutable>
            <Type>FLOOR</Type>
            <Position>
                <x>4</x>
                <y>8</y>
            </Position>
        </Tiles>
        <Tiles>
            <Immutable>false</Immutable>
            <Type>FLOOR</Type>
            <Position>
                <x>5</x>
                <y>8</y>
            </Position>
        </Tiles>
        <Tiles>
            <Immutable>false</Immutable>
            <Type>FLOOR</Type>
            <Position>
                <x>6</x>
                <y>8</y>
            </Position>
        </Tiles>
        <Tiles>
            <Immutable>false</Immutable>
            <Type>FLOOR</Type>
            <Position>
                <x>7</x>
                <y>8</y>
            </Position>
        </Tiles>
        <Tiles>
            <Immutable>false</Immutable>
            <Type>FLOOR</Type>
            <Position>
                <x>8</x>
                <y>8</y>
            </Position>
        </Tiles>
        <Tiles>
            <Immutable>false</Immutable>
            <Type>FLOOR</Type>
            <Position>
                <x>9</x>
                <y>8</y>
            </Position>
        </Tiles>
        <Tiles>
            <Immutable>false</Immutable>
            <Type>FLOOR</Type>
            <Position>
                <x>10</x>
                <y>8</y>
            </Position>
        </Tiles>
        <Tiles>
            <Immutable>false</Immutable>
            <Type>FLOOR</Type>
            <Position>
                <x>11</x>
                <y>8</y>
            </Position>
        </Tiles>
        <Tiles>
            <Immutable>false</Immutable>
            <Type>FLOOR</Type>
            <Position>
                <x>12</x>
                <y>8</y>
            </Position>
        </Tiles>
        <Tiles>
            <Immutable>false</Immutable>
            <Type>FLOOR</Type>
            <Position>
                <x>13</x>
                <y>8</y>
            </Position>
        </Tiles>
        <Tiles>
            <Immutable>false</Immutable>
            <Type>FLOOR</Type>
            <Position>
                <x>14</x>
                <y>8</y>
            </Position>
        </Tiles>
        <Tiles>
            <Immutable>false</Immutable>
            <Type>FLOOR</Type>
            <Position>
                <x>0</x>
                <y>9</y>
            </Position>
        </Tiles>
        <Tiles>
            <Immutable>false</Immutable>
            <Type>FLOOR</Type>
            <Position>
                <x>1</x>
                <y>9</y>
            </Position>
        </Tiles>
        <Tiles>
            <Immutable>false</Immutable>
            <Type>FLOOR</Type>
            <Position>
                <x>2</x>
                <y>9</y>
            </Position>
        </Tiles>
        <Tiles>
            <Immutable>false</Immutable>
            <Type>FLOOR</Type>
            <Position>
                <x>3</x>
                <y>9</y>
            </Position>
        </Tiles>
        <Tiles>
            <Immutable>false</Immutable>
            <Type>FLOOR</Type>
            <Position>
                <x>4</x>
                <y>9</y>
            </Position>
        </Tiles>
        <Tiles>
            <Immutable>false</Immutable>
            <Type>FLOOR</Type>
            <Position>
                <x>5</x>
                <y>9</y>
            </Position>
        </Tiles>
        <Tiles>
            <Immutable>false</Immutable>
            <Type>FLOOR</Type>
            <Position>
                <x>6</x>
                <y>9</y>
            </Position>
        </Tiles>
        <Tiles>
            <Immutable>false</Immutable>
            <Type>FLOOR</Type>
            <Position>
                <x>7</x>
                <y>9</y>
            </Position>
        </Tiles>
        <Tiles>
            <Immutable>false</Immutable>
            <Type>FLOOR</Type>
            <Position>
                <x>8</x>
                <y>9</y>
            </Position>
        </Tiles>
        <Tiles>
            <Immutable>false</Immutable>
            <Type>FLOOR</Type>
            <Position>
                <x>9</x>
                <y>9</y>
            </Position>
        </Tiles>
        <Tiles>
            <Immutable>false</Immutable>
            <Type>FLOOR</Type>
            <Position>
                <x>10</x>
                <y>9</y>
            </Position>
        </Tiles>
        <Tiles>
            <Immutable>false</Immutable>
            <Type>FLOOR</Type>
            <Position>
                <x>11</x>
                <y>9</y>
            </Position>
        </Tiles>
        <Tiles>
            <Immutable>false</Immutable>
            <Type>FLOOR</Type>
            <Position>
                <x>12</x>
                <y>9</y>
            </Position>
        </Tiles>
        <Tiles>
            <Immutable>false</Immutable>
            <Type>FLOOR</Type>
            <Position>
                <x>13</x>
                <y>9</y>
            </Position>
        </Tiles>
        <Tiles>
            <Immutable>false</Immutable>
            <Type>FLOOR</Type>
            <Position>
                <x>14</x>
                <y>9</y>
            </Position>
        </Tiles>
        <Tiles>
            <Immutable>false</Immutable>
            <Type>FLOOR</Type>
            <Position>
                <x>0</x>
                <y>10</y>
            </Position>
        </Tiles>
        <Tiles>
            <Immutable>false</Immutable>
            <Type>FLOOR</Type>
            <Position>
                <x>1</x>
                <y>10</y>
            </Position>
        </Tiles>
        <Tiles>
            <Immutable>false</Immutable>
            <Type>FLOOR</Type>
            <Position>
                <x>2</x>
                <y>10</y>
            </Position>
        </Tiles>
        <Tiles>
            <Immutable>false</Immutable>
            <Type>FLOOR</Type>
            <Position>
                <x>3</x>
                <y>10</y>
            </Position>
        </Tiles>
        <Tiles>
            <Immutable>false</Immutable>
            <Type>FLOOR</Type>
            <Position>
                <x>4</x>
                <y>10</y>
            </Position>
        </Tiles>
        <Tiles>
            <Immutable>false</Immutable>
            <Type>FLOOR</Type>
            <Position>
                <x>5</x>
                <y>10</y>
            </Position>
        </Tiles>
        <Tiles>
            <Immutable>false</Immutable>
            <Type>FLOOR</Type>
            <Position>
                <x>6</x>
                <y>10</y>
            </Position>
        </Tiles>
        <Tiles>
            <Immutable>false</Immutable>
            <Type>FLOOR</Type>
            <Position>
                <x>7</x>
                <y>10</y>
            </Position>
        </Tiles>
        <Tiles>
            <Immutable>false</Immutable>
            <Type>FLOOR</Type>
            <Position>
                <x>8</x>
                <y>10</y>
            </Position>
        </Tiles>
        <Tiles>
            <Immutable>false</Immutable>
            <Type>FLOOR</Type>
            <Position>
                <x>9</x>
                <y>10</y>
            </Position>
        </Tiles>
        <Tiles>
            <Immutable>false</Immutable>
            <Type>FLOOR</Type>
            <Position>
                <x>10</x>
                <y>10</y>
            </Position>
        </Tiles>
        <Tiles>
            <Immutable>false</Immutable>
            <Type>FLOOR</Type>
            <Position>
                <x>11</x>
                <y>10</y>
            </Position>
        </Tiles>
        <Tiles>
            <Immutable>false</Immutable>
            <Type>FLOOR</Type>
            <Position>
                <x>12</x>
                <y>10</y>
            </Position>
        </Tiles>
        <Tiles>
            <Immutable>false</Immutable>
            <Type>FLOOR</Type>
            <Position>
                <x>13</x>
                <y>10</y>
            </Position>
        </Tiles>
        <Tiles>
            <Immutable>false</Immutable>
            <Type>FLOOR</Type>
            <Position>
                <x>14</x>
                <y>10</y>
            </Position>
        </Tiles>
        <Tiles>
            <Immutable>false</Immutable>
            <Type>FLOOR</Type>
            <Position>
                <x>0</x>
                <y>11</y>
            </Position>
        </Tiles>
        <Tiles>
            <Immutable>false</Immutable>
            <Type>FLOOR</Type>
            <Position>
                <x>1</x>
                <y>11</y>
            </Position>
        </Tiles>
        <Tiles>
            <Immutable>false</Immutable>
            <Type>FLOOR</Type>
            <Position>
                <x>2</x>
                <y>11</y>
            </Position>
        </Tiles>
        <Tiles>
            <Immutable>false</Immutable>
            <Type>FLOOR</Type>
            <Position>
                <x>3</x>
                <y>11</y>
            </Position>
        </Tiles>
        <Tiles>
            <Immutable>false</Immutable>
            <Type>FLOOR</Type>
            <Position>
                <x>4</x>
                <y>11</y>
            </Position>
        </Tiles>
        <Tiles>
            <Immutable>false</Immutable>
            <Type>FLOOR</Type>
            <Position>
                <x>5</x>
                <y>11</y>
            </Position>
        </Tiles>
        <Tiles>
            <Immutable>false</Immutable>
            <Type>FLOOR</Type>
            <Position>
                <x>6</x>
                <y>11</y>
            </Position>
        </Tiles>
        <Tiles>
            <Immutable>false</Immutable>
            <Type>FLOOR</Type>
            <Position>
                <x>7</x>
                <y>11</y>
            </Position>
        </Tiles>
        <Tiles>
            <Immutable>false</Immutable>
            <Type>FLOOR</Type>
            <Position>
                <x>8</x>
                <y>11</y>
            </Position>
        </Tiles>
        <Tiles>
            <Immutable>false</Immutable>
            <Type>FLOOR</Type>
            <Position>
                <x>9</x>
                <y>11</y>
            </Position>
        </Tiles>
        <Tiles>
            <Immutable>false</Immutable>
            <Type>FLOOR</Type>
            <Position>
                <x>10</x>
                <y>11</y>
            </Position>
        </Tiles>
        <Tiles>
            <Immutable>false</Immutable>
            <Type>FLOOR</Type>
            <Position>
                <x>11</x>
                <y>11</y>
            </Position>
        </Tiles>
        <Tiles>
            <Immutable>false</Immutable>
            <Type>FLOOR</Type>
            <Position>
                <x>12</x>
                <y>11</y>
            </Position>
        </Tiles>
        <Tiles>
            <Immutable>false</Immutable>
            <Type>FLOOR</Type>
            <Position>
                <x>13</x>
                <y>11</y>
            </Position>
        </Tiles>
        <Tiles>
            <Immutable>false</Immutable>
            <Type>FLOOR</Type>
            <Position>
                <x>14</x>
                <y>11</y>
            </Position>
        </Tiles>
        <Tiles>
            <Immutable>false</Immutable>
            <Type>FLOOR</Type>
            <Position>
                <x>0</x>
                <y>12</y>
            </Position>
        </Tiles>
        <Tiles>
            <Immutable>false</Immutable>
            <Type>FLOOR</Type>
            <Position>
                <x>1</x>
                <y>12</y>
            </Position>
        </Tiles>
        <Tiles>
            <Immutable>false</Immutable>
            <Type>FLOOR</Type>
            <Position>
                <x>2</x>
                <y>12</y>
            </Position>
        </Tiles>
        <Tiles>
            <Immutable>false</Immutable>
            <Type>FLOOR</Type>
            <Position>
                <x>3</x>
                <y>12</y>
            </Position>
        </Tiles>
        <Tiles>
            <Immutable>false</Immutable>
            <Type>FLOOR</Type>
            <Position>
                <x>4</x>
                <y>12</y>
            </Position>
        </Tiles>
        <Tiles>
            <Immutable>false</Immutable>
            <Type>FLOOR</Type>
            <Position>
                <x>5</x>
                <y>12</y>
            </Position>
        </Tiles>
        <Tiles>
            <Immutable>false</Immutable>
            <Type>FLOOR</Type>
            <Position>
                <x>6</x>
                <y>12</y>
            </Position>
        </Tiles>
        <Tiles>
            <Immutable>false</Immutable>
            <Type>FLOOR</Type>
            <Position>
                <x>7</x>
                <y>12</y>
            </Position>
        </Tiles>
        <Tiles>
            <Immutable>false</Immutable>
            <Type>FLOOR</Type>
            <Position>
                <x>8</x>
                <y>12</y>
            </Position>
        </Tiles>
        <Tiles>
            <Immutable>false</Immutable>
            <Type>FLOOR</Type>
            <Position>
                <x>9</x>
                <y>12</y>
            </Position>
        </Tiles>
        <Tiles>
            <Immutable>false</Immutable>
            <Type>FLOOR</Type>
            <Position>
                <x>10</x>
                <y>12</y>
            </Position>
        </Tiles>
        <Tiles>
            <Immutable>false</Immutable>
            <Type>FLOOR</Type>
            <Position>
                <x>11</x>
                <y>12</y>
            </Position>
        </Tiles>
        <Tiles>
            <Immutable>false</Immutable>
            <Type>FLOOR</Type>
            <Position>
                <x>12</x>
                <y>12</y>
            </Position>
        </Tiles>
        <Tiles>
            <Immutable>false</Immutable>
            <Type>FLOOR</Type>
            <Position>
                <x>13</x>
                <y>12</y>
            </Position>
        </Tiles>
        <Tiles>
            <Immutable>false</Immutable>
            <Type>FLOOR</Type>
            <Position>
                <x>14</x>
                <y>12</y>
            </Position>
        </Tiles>
        <Tiles>
            <Immutable>false</Immutable>
            <Type>FLOOR</Type>
            <Position>
                <x>0</x>
                <y>13</y>
            </Position>
        </Tiles>
        <Tiles>
            <Immutable>false</Immutable>
            <Type>FLOOR</Type>
            <Position>
                <x>1</x>
                <y>13</y>
            </Position>
        </Tiles>
        <Tiles>
            <Immutable>false</Immutable>
            <Type>FLOOR</Type>
            <Position>
                <x>2</x>
                <y>13</y>
            </Position>
        </Tiles>
        <Tiles>
            <Immutable>false</Immutable>
            <Type>FLOOR</Type>
            <Position>
                <x>3</x>
                <y>13</y>
            </Position>
        </Tiles>
        <Tiles>
            <Immutable>false</Immutable>
            <Type>FLOOR</Type>
            <Position>
                <x>4</x>
                <y>13</y>
            </Position>
        </Tiles>
        <Tiles>
            <Immutable>false</Immutable>
            <Type>FLOOR</Type>
            <Position>
                <x>5</x>
                <y>13</y>
            </Position>
        </Tiles>
        <Tiles>
            <Immutable>false</Immutable>
            <Type>FLOOR</Type>
            <Position>
                <x>6</x>
                <y>13</y>
            </Position>
        </Tiles>
        <Tiles>
            <Immutable>false</Immutable>
            <Type>FLOOR</Type>
            <Position>
                <x>7</x>
                <y>13</y>
            </Position>
        </Tiles>
        <Tiles>
            <Immutable>false</Immutable>
            <Type>FLOOR</Type>
            <Position>
                <x>8</x>
                <y>13</y>
            </Position>
        </Tiles>
        <Tiles>
            <Immutable>false</Immutable>
            <Type>FLOOR</Type>
            <Position>
                <x>9</x>
                <y>13</y>
            </Position>
        </Tiles>
        <Tiles>
            <Immutable>false</Immutable>
            <Type>FLOOR</Type>
            <Position>
                <x>10</x>
                <y>13</y>
            </Position>
        </Tiles>
        <Tiles>
            <Immutable>false</Immutable>
            <Type>FLOOR</Type>
            <Position>
                <x>11</x>
                <y>13</y>
            </Position>
        </Tiles>
        <Tiles>
            <Immutable>false</Immutable>
            <Type>FLOOR</Type>
            <Position>
                <x>12</x>
                <y>13</y>
            </Position>
        </Tiles>
        <Tiles>
            <Immutable>false</Immutable>
            <Type>FLOOR</Type>
            <Position>
                <x>13</x>
                <y>13</y>
            </Position>
        </Tiles>
        <Tiles>
            <Immutable>false</Immutable>
            <Type>FLOOR</Type>
            <Position>
                <x>14</x>
                <y>13</y>
            </Position>
        </Tiles>
        <Tiles>
            <Immutable>false</Immutable>
            <Type>FLOOR</Type>
            <Position>
                <x>0</x>
                <y>14</y>
            </Position>
        </Tiles>
        <Tiles>
            <Immutable>false</Immutable>
            <Type>FLOOR</Type>
            <Position>
                <x>1</x>
                <y>14</y>
            </Position>
        </Tiles>
        <Tiles>
            <Immutable>false</Immutable>
            <Type>FLOOR</Type>
            <Position>
                <x>2</x>
                <y>14</y>
            </Position>
        </Tiles>
        <Tiles>
            <Immutable>false</Immutable>
            <Type>FLOOR</Type>
            <Position>
                <x>3</x>
                <y>14</y>
            </Position>
        </Tiles>
        <Tiles>
            <Immutable>false</Immutable>
            <Type>FLOOR</Type>
            <Position>
                <x>4</x>
                <y>14</y>
            </Position>
        </Tiles>
        <Tiles>
            <Immutable>false</Immutable>
            <Type>FLOOR</Type>
            <Position>
                <x>5</x>
                <y>14</y>
            </Position>
        </Tiles>
        <Tiles>
            <Immutable>false</Immutable>
            <Type>FLOOR</Type>
            <Position>
                <x>6</x>
                <y>14</y>
            </Position>
        </Tiles>
        <Tiles>
            <Immutable>false</Immutable>
            <Type>FLOOR</Type>
            <Position>
                <x>7</x>
                <y>14</y>
            </Position>
        </Tiles>
        <Tiles>
            <Immutable>false</Immutable>
            <Type>FLOOR</Type>
            <Position>
                <x>8</x>
                <y>14</y>
            </Position>
        </Tiles>
        <Tiles>
            <Immutable>false</Immutable>
            <Type>FLOOR</Type>
            <Position>
                <x>9</x>
                <y>14</y>
            </Position>
        </Tiles>
        <Tiles>
            <Immutable>false</Immutable>
            <Type>FLOOR</Type>
            <Position>
                <x>10</x>
                <y>14</y>
            </Position>
        </Tiles>
        <Tiles>
            <Immutable>false</Immutable>
            <Type>FLOOR</Type>
            <Position>
                <x>11</x>
                <y>14</y>
            </Position>
        </Tiles>
        <Tiles>
            <Immutable>false</Immutable>
            <Type>FLOOR</Type>
            <Position>
                <x>12</x>
                <y>14</y>
            </Position>
        </Tiles>
        <Tiles>
            <Immutable>false</Immutable>
            <Type>DOORENTER</Type>
            <Position>
                <x>13</x>
                <y>14</y>
            </Position>
        </Tiles>
        <Tiles>
            <Immutable>false</Immutable>
            <Type>FLOOR</Type>
            <Position>
                <x>14</x>
                <y>14</y>
            </Position>
        </Tiles>
        <Width>15</Width>
    </Rooms>
</DungeonModel>
