<?xml version="1.0" encoding="UTF-8" standalone="yes"?>
<DungeonModel>
    <InitialPos>
        <x>3</x>
        <y>5</y>
    </InitialPos>
    <InitialRoom>
        <EntranceSafety>0.17582418024539948</EntranceSafety>
        <Tiles>
            <Immutable>false</Immutable>
            <Type>DOORENTER</Type>
            <Position>
                <x>0</x>
                <y>0</y>
            </Position>
        </Tiles>
        <Tiles>
            <Immutable>false</Immutable>
            <Type>FLOOR</Type>
            <Position>
                <x>1</x>
                <y>0</y>
            </Position>
        </Tiles>
        <Tiles>
            <Immutable>false</Immutable>
            <Type>FLOOR</Type>
            <Position>
                <x>2</x>
                <y>0</y>
            </Position>
        </Tiles>
        <Tiles>
            <Immutable>false</Immutable>
            <Type>WALL</Type>
            <Position>
                <x>3</x>
                <y>0</y>
            </Position>
        </Tiles>
        <Tiles>
            <Immutable>false</Immutable>
            <Type>WALL</Type>
            <Position>
                <x>4</x>
                <y>0</y>
            </Position>
        </Tiles>
        <Tiles>
            <Immutable>false</Immutable>
            <Type>WALL</Type>
            <Position>
                <x>5</x>
                <y>0</y>
            </Position>
        </Tiles>
        <Tiles>
            <Immutable>false</Immutable>
            <Type>WALL</Type>
            <Position>
                <x>6</x>
                <y>0</y>
            </Position>
        </Tiles>
        <Tiles>
            <Immutable>false</Immutable>
            <Type>WALL</Type>
            <Position>
                <x>7</x>
                <y>0</y>
            </Position>
        </Tiles>
        <Tiles>
            <Immutable>false</Immutable>
            <Type>WALL</Type>
            <Position>
                <x>8</x>
                <y>0</y>
            </Position>
        </Tiles>
        <Tiles>
            <Immutable>false</Immutable>
            <Type>WALL</Type>
            <Position>
                <x>9</x>
                <y>0</y>
            </Position>
        </Tiles>
        <Tiles>
            <Immutable>false</Immutable>
            <Type>WALL</Type>
            <Position>
                <x>10</x>
                <y>0</y>
            </Position>
        </Tiles>
        <Tiles>
            <Immutable>false</Immutable>
            <Type>FLOOR</Type>
            <Position>
                <x>0</x>
                <y>1</y>
            </Position>
        </Tiles>
        <Tiles>
            <Immutable>false</Immutable>
            <Type>FLOOR</Type>
            <Position>
                <x>1</x>
                <y>1</y>
            </Position>
        </Tiles>
        <Tiles>
            <Immutable>false</Immutable>
            <Type>FLOOR</Type>
            <Position>
                <x>2</x>
                <y>1</y>
            </Position>
        </Tiles>
        <Tiles>
            <Immutable>false</Immutable>
            <Type>WALL</Type>
            <Position>
                <x>3</x>
                <y>1</y>
            </Position>
        </Tiles>
        <Tiles>
            <Immutable>false</Immutable>
            <Type>FLOOR</Type>
            <Position>
                <x>4</x>
                <y>1</y>
            </Position>
        </Tiles>
        <Tiles>
            <Immutable>false</Immutable>
            <Type>FLOOR</Type>
            <Position>
                <x>5</x>
                <y>1</y>
            </Position>
        </Tiles>
        <Tiles>
            <Immutable>false</Immutable>
            <Type>ENEMY</Type>
            <Position>
                <x>6</x>
                <y>1</y>
            </Position>
        </Tiles>
        <Tiles>
            <Immutable>false</Immutable>
            <Type>ENEMY</Type>
            <Position>
                <x>7</x>
                <y>1</y>
            </Position>
        </Tiles>
        <Tiles>
            <Immutable>false</Immutable>
            <Type>TREASURE</Type>
            <Position>
                <x>8</x>
                <y>1</y>
            </Position>
        </Tiles>
        <Tiles>
            <Immutable>false</Immutable>
            <Type>TREASURE</Type>
            <Position>
                <x>9</x>
                <y>1</y>
            </Position>
        </Tiles>
        <Tiles>
            <Immutable>false</Immutable>
            <Type>WALL</Type>
            <Position>
                <x>10</x>
                <y>1</y>
            </Position>
        </Tiles>
        <Tiles>
            <Immutable>false</Immutable>
            <Type>FLOOR</Type>
            <Position>
                <x>0</x>
                <y>2</y>
            </Position>
        </Tiles>
        <Tiles>
            <Immutable>false</Immutable>
            <Type>FLOOR</Type>
            <Position>
                <x>1</x>
                <y>2</y>
            </Position>
        </Tiles>
        <Tiles>
            <Immutable>false</Immutable>
            <Type>FLOOR</Type>
            <Position>
                <x>2</x>
                <y>2</y>
            </Position>
        </Tiles>
        <Tiles>
            <Immutable>false</Immutable>
            <Type>FLOOR</Type>
            <Position>
                <x>3</x>
                <y>2</y>
            </Position>
        </Tiles>
        <Tiles>
            <Immutable>false</Immutable>
            <Type>FLOOR</Type>
            <Position>
                <x>4</x>
                <y>2</y>
            </Position>
        </Tiles>
        <Tiles>
            <Immutable>false</Immutable>
            <Type>FLOOR</Type>
            <Position>
                <x>5</x>
                <y>2</y>
            </Position>
        </Tiles>
        <Tiles>
            <Immutable>false</Immutable>
            <Type>WALL</Type>
            <Position>
                <x>6</x>
                <y>2</y>
            </Position>
        </Tiles>
        <Tiles>
            <Immutable>false</Immutable>
            <Type>ENEMY</Type>
            <Position>
                <x>7</x>
                <y>2</y>
            </Position>
        </Tiles>
        <Tiles>
            <Immutable>false</Immutable>
            <Type>WALL</Type>
            <Position>
                <x>8</x>
                <y>2</y>
            </Position>
        </Tiles>
        <Tiles>
            <Immutable>false</Immutable>
            <Type>WALL</Type>
            <Position>
                <x>9</x>
                <y>2</y>
            </Position>
        </Tiles>
        <Tiles>
            <Immutable>false</Immutable>
            <Type>WALL</Type>
            <Position>
                <x>10</x>
                <y>2</y>
            </Position>
        </Tiles>
        <Tiles>
            <Immutable>false</Immutable>
            <Type>WALL</Type>
            <Position>
                <x>0</x>
                <y>3</y>
            </Position>
        </Tiles>
        <Tiles>
            <Immutable>false</Immutable>
            <Type>WALL</Type>
            <Position>
                <x>1</x>
                <y>3</y>
            </Position>
        </Tiles>
        <Tiles>
            <Immutable>false</Immutable>
            <Type>WALL</Type>
            <Position>
                <x>2</x>
                <y>3</y>
            </Position>
        </Tiles>
        <Tiles>
            <Immutable>false</Immutable>
            <Type>WALL</Type>
            <Position>
                <x>3</x>
                <y>3</y>
            </Position>
        </Tiles>
        <Tiles>
            <Immutable>false</Immutable>
            <Type>WALL</Type>
            <Position>
                <x>4</x>
                <y>3</y>
            </Position>
        </Tiles>
        <Tiles>
            <Immutable>false</Immutable>
            <Type>FLOOR</Type>
            <Position>
                <x>5</x>
                <y>3</y>
            </Position>
        </Tiles>
        <Tiles>
            <Immutable>false</Immutable>
            <Type>WALL</Type>
            <Position>
                <x>6</x>
                <y>3</y>
            </Position>
        </Tiles>
        <Tiles>
            <Immutable>false</Immutable>
            <Type>WALL</Type>
            <Position>
                <x>7</x>
                <y>3</y>
            </Position>
        </Tiles>
        <Tiles>
            <Immutable>false</Immutable>
            <Type>WALL</Type>
            <Position>
                <x>8</x>
                <y>3</y>
            </Position>
        </Tiles>
        <Tiles>
            <Immutable>false</Immutable>
            <Type>FLOOR</Type>
            <Position>
                <x>9</x>
                <y>3</y>
            </Position>
        </Tiles>
        <Tiles>
            <Immutable>false</Immutable>
            <Type>WALL</Type>
            <Position>
                <x>10</x>
                <y>3</y>
            </Position>
        </Tiles>
        <Tiles>
            <Immutable>false</Immutable>
            <Type>FLOOR</Type>
            <Position>
                <x>0</x>
                <y>4</y>
            </Position>
        </Tiles>
        <Tiles>
            <Immutable>false</Immutable>
            <Type>FLOOR</Type>
            <Position>
                <x>1</x>
                <y>4</y>
            </Position>
        </Tiles>
        <Tiles>
            <Immutable>false</Immutable>
            <Type>FLOOR</Type>
            <Position>
                <x>2</x>
                <y>4</y>
            </Position>
        </Tiles>
        <Tiles>
            <Immutable>false</Immutable>
            <Type>FLOOR</Type>
            <Position>
                <x>3</x>
                <y>4</y>
            </Position>
        </Tiles>
        <Tiles>
            <Immutable>false</Immutable>
            <Type>FLOOR</Type>
            <Position>
                <x>4</x>
                <y>4</y>
            </Position>
        </Tiles>
        <Tiles>
            <Immutable>false</Immutable>
            <Type>FLOOR</Type>
            <Position>
                <x>5</x>
                <y>4</y>
            </Position>
        </Tiles>
        <Tiles>
            <Immutable>false</Immutable>
            <Type>FLOOR</Type>
            <Position>
                <x>6</x>
                <y>4</y>
            </Position>
        </Tiles>
        <Tiles>
            <Immutable>false</Immutable>
            <Type>WALL</Type>
            <Position>
                <x>7</x>
                <y>4</y>
            </Position>
        </Tiles>
        <Tiles>
            <Immutable>false</Immutable>
            <Type>FLOOR</Type>
            <Position>
                <x>8</x>
                <y>4</y>
            </Position>
        </Tiles>
        <Tiles>
            <Immutable>false</Immutable>
            <Type>FLOOR</Type>
            <Position>
                <x>9</x>
                <y>4</y>
            </Position>
        </Tiles>
        <Tiles>
            <Immutable>false</Immutable>
            <Type>FLOOR</Type>
            <Position>
                <x>10</x>
                <y>4</y>
            </Position>
        </Tiles>
        <Tiles>
            <Immutable>false</Immutable>
            <Type>FLOOR</Type>
            <Position>
                <x>0</x>
                <y>5</y>
            </Position>
        </Tiles>
        <Tiles>
            <Immutable>false</Immutable>
            <Type>FLOOR</Type>
            <Position>
                <x>1</x>
                <y>5</y>
            </Position>
        </Tiles>
        <Tiles>
            <Immutable>false</Immutable>
            <Type>FLOOR</Type>
            <Position>
                <x>2</x>
                <y>5</y>
            </Position>
        </Tiles>
        <Tiles>
            <Immutable>false</Immutable>
            <Type>FLOOR</Type>
            <Position>
                <x>3</x>
                <y>5</y>
            </Position>
        </Tiles>
        <Tiles>
            <Immutable>false</Immutable>
            <Type>FLOOR</Type>
            <Position>
                <x>4</x>
                <y>5</y>
            </Position>
        </Tiles>
        <Tiles>
            <Immutable>false</Immutable>
            <Type>FLOOR</Type>
            <Position>
                <x>5</x>
                <y>5</y>
            </Position>
        </Tiles>
        <Tiles>
            <Immutable>false</Immutable>
            <Type>FLOOR</Type>
            <Position>
                <x>6</x>
                <y>5</y>
            </Position>
        </Tiles>
        <Tiles>
            <Immutable>false</Immutable>
            <Type>WALL</Type>
            <Position>
                <x>7</x>
                <y>5</y>
            </Position>
        </Tiles>
        <Tiles>
            <Immutable>false</Immutable>
            <Type>FLOOR</Type>
            <Position>
                <x>8</x>
                <y>5</y>
            </Position>
        </Tiles>
        <Tiles>
            <Immutable>false</Immutable>
            <Type>FLOOR</Type>
            <Position>
                <x>9</x>
                <y>5</y>
            </Position>
        </Tiles>
        <Tiles>
            <Immutable>false</Immutable>
            <Type>FLOOR</Type>
            <Position>
                <x>10</x>
                <y>5</y>
            </Position>
        </Tiles>
        <Tiles>
            <Immutable>false</Immutable>
            <Type>FLOOR</Type>
            <Position>
                <x>0</x>
                <y>6</y>
            </Position>
        </Tiles>
        <Tiles>
            <Immutable>false</Immutable>
            <Type>FLOOR</Type>
            <Position>
                <x>1</x>
                <y>6</y>
            </Position>
        </Tiles>
        <Tiles>
            <Immutable>false</Immutable>
            <Type>FLOOR</Type>
            <Position>
                <x>2</x>
                <y>6</y>
            </Position>
        </Tiles>
        <Tiles>
            <Immutable>false</Immutable>
            <Type>FLOOR</Type>
            <Position>
                <x>3</x>
                <y>6</y>
            </Position>
        </Tiles>
        <Tiles>
            <Immutable>false</Immutable>
            <Type>FLOOR</Type>
            <Position>
                <x>4</x>
                <y>6</y>
            </Position>
        </Tiles>
        <Tiles>
            <Immutable>false</Immutable>
            <Type>FLOOR</Type>
            <Position>
                <x>5</x>
                <y>6</y>
            </Position>
        </Tiles>
        <Tiles>
            <Immutable>false</Immutable>
            <Type>FLOOR</Type>
            <Position>
                <x>6</x>
                <y>6</y>
            </Position>
        </Tiles>
        <Tiles>
            <Immutable>false</Immutable>
            <Type>WALL</Type>
            <Position>
                <x>7</x>
                <y>6</y>
            </Position>
        </Tiles>
        <Tiles>
            <Immutable>false</Immutable>
            <Type>FLOOR</Type>
            <Position>
                <x>8</x>
                <y>6</y>
            </Position>
        </Tiles>
        <Tiles>
            <Immutable>false</Immutable>
            <Type>FLOOR</Type>
            <Position>
                <x>9</x>
                <y>6</y>
            </Position>
        </Tiles>
        <Tiles>
            <Immutable>false</Immutable>
            <Type>FLOOR</Type>
            <Position>
                <x>10</x>
                <y>6</y>
            </Position>
        </Tiles>
        <Tiles>
            <Immutable>false</Immutable>
            <Type>FLOOR</Type>
            <Position>
                <x>0</x>
                <y>7</y>
            </Position>
        </Tiles>
        <Tiles>
            <Immutable>false</Immutable>
            <Type>FLOOR</Type>
            <Position>
                <x>1</x>
                <y>7</y>
            </Position>
        </Tiles>
        <Tiles>
            <Immutable>false</Immutable>
            <Type>FLOOR</Type>
            <Position>
                <x>2</x>
                <y>7</y>
            </Position>
        </Tiles>
        <Tiles>
            <Immutable>false</Immutable>
            <Type>FLOOR</Type>
            <Position>
                <x>3</x>
                <y>7</y>
            </Position>
        </Tiles>
        <Tiles>
            <Immutable>false</Immutable>
            <Type>WALL</Type>
            <Position>
                <x>4</x>
                <y>7</y>
            </Position>
        </Tiles>
        <Tiles>
            <Immutable>false</Immutable>
            <Type>WALL</Type>
            <Position>
                <x>5</x>
                <y>7</y>
            </Position>
        </Tiles>
        <Tiles>
            <Immutable>false</Immutable>
            <Type>WALL</Type>
            <Position>
                <x>6</x>
                <y>7</y>
            </Position>
        </Tiles>
        <Tiles>
            <Immutable>false</Immutable>
            <Type>WALL</Type>
            <Position>
                <x>7</x>
                <y>7</y>
            </Position>
        </Tiles>
        <Tiles>
            <Immutable>false</Immutable>
            <Type>FLOOR</Type>
            <Position>
                <x>8</x>
                <y>7</y>
            </Position>
        </Tiles>
        <Tiles>
            <Immutable>false</Immutable>
            <Type>FLOOR</Type>
            <Position>
                <x>9</x>
                <y>7</y>
            </Position>
        </Tiles>
        <Tiles>
            <Immutable>false</Immutable>
            <Type>FLOOR</Type>
            <Position>
                <x>10</x>
                <y>7</y>
            </Position>
        </Tiles>
        <Tiles>
            <Immutable>false</Immutable>
            <Type>FLOOR</Type>
            <Position>
                <x>0</x>
                <y>8</y>
            </Position>
        </Tiles>
        <Tiles>
            <Immutable>false</Immutable>
            <Type>FLOOR</Type>
            <Position>
                <x>1</x>
                <y>8</y>
            </Position>
        </Tiles>
        <Tiles>
            <Immutable>false</Immutable>
            <Type>FLOOR</Type>
            <Position>
                <x>2</x>
                <y>8</y>
            </Position>
        </Tiles>
        <Tiles>
            <Immutable>false</Immutable>
            <Type>FLOOR</Type>
            <Position>
                <x>3</x>
                <y>8</y>
            </Position>
        </Tiles>
        <Tiles>
            <Immutable>false</Immutable>
            <Type>FLOOR</Type>
            <Position>
                <x>4</x>
                <y>8</y>
            </Position>
        </Tiles>
        <Tiles>
            <Immutable>false</Immutable>
            <Type>FLOOR</Type>
            <Position>
                <x>5</x>
                <y>8</y>
            </Position>
        </Tiles>
        <Tiles>
            <Immutable>false</Immutable>
            <Type>FLOOR</Type>
            <Position>
                <x>6</x>
                <y>8</y>
            </Position>
        </Tiles>
        <Tiles>
            <Immutable>false</Immutable>
            <Type>FLOOR</Type>
            <Position>
                <x>7</x>
                <y>8</y>
            </Position>
        </Tiles>
        <Tiles>
            <Immutable>false</Immutable>
            <Type>ENEMY</Type>
            <Position>
                <x>8</x>
                <y>8</y>
            </Position>
        </Tiles>
        <Tiles>
            <Immutable>false</Immutable>
            <Type>ENEMY</Type>
            <Position>
                <x>9</x>
                <y>8</y>
            </Position>
        </Tiles>
        <Tiles>
            <Immutable>false</Immutable>
            <Type>FLOOR</Type>
            <Position>
                <x>10</x>
                <y>8</y>
            </Position>
        </Tiles>
        <Tiles>
            <Immutable>false</Immutable>
            <Type>FLOOR</Type>
            <Position>
                <x>0</x>
                <y>9</y>
            </Position>
        </Tiles>
        <Tiles>
            <Immutable>false</Immutable>
            <Type>FLOOR</Type>
            <Position>
                <x>1</x>
                <y>9</y>
            </Position>
        </Tiles>
        <Tiles>
            <Immutable>false</Immutable>
            <Type>FLOOR</Type>
            <Position>
                <x>2</x>
                <y>9</y>
            </Position>
        </Tiles>
        <Tiles>
            <Immutable>false</Immutable>
            <Type>FLOOR</Type>
            <Position>
                <x>3</x>
                <y>9</y>
            </Position>
        </Tiles>
        <Tiles>
            <Immutable>false</Immutable>
            <Type>FLOOR</Type>
            <Position>
                <x>4</x>
                <y>9</y>
            </Position>
        </Tiles>
        <Tiles>
            <Immutable>false</Immutable>
            <Type>FLOOR</Type>
            <Position>
                <x>5</x>
                <y>9</y>
            </Position>
        </Tiles>
        <Tiles>
            <Immutable>false</Immutable>
            <Type>FLOOR</Type>
            <Position>
                <x>6</x>
                <y>9</y>
            </Position>
        </Tiles>
        <Tiles>
            <Immutable>false</Immutable>
            <Type>FLOOR</Type>
            <Position>
                <x>7</x>
                <y>9</y>
            </Position>
        </Tiles>
        <Tiles>
            <Immutable>false</Immutable>
            <Type>ENEMY</Type>
            <Position>
                <x>8</x>
                <y>9</y>
            </Position>
        </Tiles>
        <Tiles>
            <Immutable>false</Immutable>
            <Type>ENEMY</Type>
            <Position>
                <x>9</x>
                <y>9</y>
            </Position>
        </Tiles>
        <Tiles>
            <Immutable>false</Immutable>
            <Type>FLOOR</Type>
            <Position>
                <x>10</x>
                <y>9</y>
            </Position>
        </Tiles>
        <Tiles>
            <Immutable>false</Immutable>
            <Type>FLOOR</Type>
            <Position>
                <x>0</x>
                <y>10</y>
            </Position>
        </Tiles>
        <Tiles>
            <Immutable>false</Immutable>
            <Type>FLOOR</Type>
            <Position>
                <x>1</x>
                <y>10</y>
            </Position>
        </Tiles>
        <Tiles>
            <Immutable>false</Immutable>
            <Type>FLOOR</Type>
            <Position>
                <x>2</x>
                <y>10</y>
            </Position>
        </Tiles>
        <Tiles>
            <Immutable>false</Immutable>
            <Type>FLOOR</Type>
            <Position>
                <x>3</x>
                <y>10</y>
            </Position>
        </Tiles>
        <Tiles>
            <Immutable>false</Immutable>
            <Type>FLOOR</Type>
            <Position>
                <x>4</x>
                <y>10</y>
            </Position>
        </Tiles>
        <Tiles>
            <Immutable>false</Immutable>
            <Type>FLOOR</Type>
            <Position>
                <x>5</x>
                <y>10</y>
            </Position>
        </Tiles>
        <Tiles>
            <Immutable>false</Immutable>
            <Type>FLOOR</Type>
            <Position>
                <x>6</x>
                <y>10</y>
            </Position>
        </Tiles>
        <Tiles>
            <Immutable>false</Immutable>
            <Type>FLOOR</Type>
            <Position>
                <x>7</x>
                <y>10</y>
            </Position>
        </Tiles>
        <Tiles>
            <Immutable>false</Immutable>
            <Type>FLOOR</Type>
            <Position>
                <x>8</x>
                <y>10</y>
            </Position>
        </Tiles>
        <Tiles>
            <Immutable>false</Immutable>
            <Type>ENEMY</Type>
            <Position>
                <x>9</x>
                <y>10</y>
            </Position>
        </Tiles>
        <Tiles>
            <Immutable>false</Immutable>
            <Type>ENEMY</Type>
            <Position>
                <x>10</x>
                <y>10</y>
            </Position>
        </Tiles>
    </InitialRoom>
    <Rooms>
        <EntranceSafety>0.17582418024539948</EntranceSafety>
        <Tiles>
            <Immutable>false</Immutable>
            <Type>DOORENTER</Type>
            <Position>
                <x>0</x>
                <y>0</y>
            </Position>
        </Tiles>
        <Tiles>
            <Immutable>false</Immutable>
            <Type>FLOOR</Type>
            <Position>
                <x>1</x>
                <y>0</y>
            </Position>
        </Tiles>
        <Tiles>
            <Immutable>false</Immutable>
            <Type>FLOOR</Type>
            <Position>
                <x>2</x>
                <y>0</y>
            </Position>
        </Tiles>
        <Tiles>
            <Immutable>false</Immutable>
            <Type>WALL</Type>
            <Position>
                <x>3</x>
                <y>0</y>
            </Position>
        </Tiles>
        <Tiles>
            <Immutable>false</Immutable>
            <Type>WALL</Type>
            <Position>
                <x>4</x>
                <y>0</y>
            </Position>
        </Tiles>
        <Tiles>
            <Immutable>false</Immutable>
            <Type>WALL</Type>
            <Position>
                <x>5</x>
                <y>0</y>
            </Position>
        </Tiles>
        <Tiles>
            <Immutable>false</Immutable>
            <Type>WALL</Type>
            <Position>
                <x>6</x>
                <y>0</y>
            </Position>
        </Tiles>
        <Tiles>
            <Immutable>false</Immutable>
            <Type>WALL</Type>
            <Position>
                <x>7</x>
                <y>0</y>
            </Position>
        </Tiles>
        <Tiles>
            <Immutable>false</Immutable>
            <Type>WALL</Type>
            <Position>
                <x>8</x>
                <y>0</y>
            </Position>
        </Tiles>
        <Tiles>
            <Immutable>false</Immutable>
            <Type>WALL</Type>
            <Position>
                <x>9</x>
                <y>0</y>
            </Position>
        </Tiles>
        <Tiles>
            <Immutable>false</Immutable>
            <Type>WALL</Type>
            <Position>
                <x>10</x>
                <y>0</y>
            </Position>
        </Tiles>
        <Tiles>
            <Immutable>false</Immutable>
            <Type>FLOOR</Type>
            <Position>
                <x>0</x>
                <y>1</y>
            </Position>
        </Tiles>
        <Tiles>
            <Immutable>false</Immutable>
            <Type>FLOOR</Type>
            <Position>
                <x>1</x>
                <y>1</y>
            </Position>
        </Tiles>
        <Tiles>
            <Immutable>false</Immutable>
            <Type>FLOOR</Type>
            <Position>
                <x>2</x>
                <y>1</y>
            </Position>
        </Tiles>
        <Tiles>
            <Immutable>false</Immutable>
            <Type>WALL</Type>
            <Position>
                <x>3</x>
                <y>1</y>
            </Position>
        </Tiles>
        <Tiles>
            <Immutable>false</Immutable>
            <Type>FLOOR</Type>
            <Position>
                <x>4</x>
                <y>1</y>
            </Position>
        </Tiles>
        <Tiles>
            <Immutable>false</Immutable>
            <Type>FLOOR</Type>
            <Position>
                <x>5</x>
                <y>1</y>
            </Position>
        </Tiles>
        <Tiles>
            <Immutable>false</Immutable>
            <Type>ENEMY</Type>
            <Position>
                <x>6</x>
                <y>1</y>
            </Position>
        </Tiles>
        <Tiles>
            <Immutable>false</Immutable>
            <Type>ENEMY</Type>
            <Position>
                <x>7</x>
                <y>1</y>
            </Position>
        </Tiles>
        <Tiles>
            <Immutable>false</Immutable>
            <Type>TREASURE</Type>
            <Position>
                <x>8</x>
                <y>1</y>
            </Position>
        </Tiles>
        <Tiles>
            <Immutable>false</Immutable>
            <Type>TREASURE</Type>
            <Position>
                <x>9</x>
                <y>1</y>
            </Position>
        </Tiles>
        <Tiles>
            <Immutable>false</Immutable>
            <Type>WALL</Type>
            <Position>
                <x>10</x>
                <y>1</y>
            </Position>
        </Tiles>
        <Tiles>
            <Immutable>false</Immutable>
            <Type>FLOOR</Type>
            <Position>
                <x>0</x>
                <y>2</y>
            </Position>
        </Tiles>
        <Tiles>
            <Immutable>false</Immutable>
            <Type>FLOOR</Type>
            <Position>
                <x>1</x>
                <y>2</y>
            </Position>
        </Tiles>
        <Tiles>
            <Immutable>false</Immutable>
            <Type>FLOOR</Type>
            <Position>
                <x>2</x>
                <y>2</y>
            </Position>
        </Tiles>
        <Tiles>
            <Immutable>false</Immutable>
            <Type>FLOOR</Type>
            <Position>
                <x>3</x>
                <y>2</y>
            </Position>
        </Tiles>
        <Tiles>
            <Immutable>false</Immutable>
            <Type>FLOOR</Type>
            <Position>
                <x>4</x>
                <y>2</y>
            </Position>
        </Tiles>
        <Tiles>
            <Immutable>false</Immutable>
            <Type>FLOOR</Type>
            <Position>
                <x>5</x>
                <y>2</y>
            </Position>
        </Tiles>
        <Tiles>
            <Immutable>false</Immutable>
            <Type>WALL</Type>
            <Position>
                <x>6</x>
                <y>2</y>
            </Position>
        </Tiles>
        <Tiles>
            <Immutable>false</Immutable>
            <Type>ENEMY</Type>
            <Position>
                <x>7</x>
                <y>2</y>
            </Position>
        </Tiles>
        <Tiles>
            <Immutable>false</Immutable>
            <Type>WALL</Type>
            <Position>
                <x>8</x>
                <y>2</y>
            </Position>
        </Tiles>
        <Tiles>
            <Immutable>false</Immutable>
            <Type>WALL</Type>
            <Position>
                <x>9</x>
                <y>2</y>
            </Position>
        </Tiles>
        <Tiles>
            <Immutable>false</Immutable>
            <Type>WALL</Type>
            <Position>
                <x>10</x>
                <y>2</y>
            </Position>
        </Tiles>
        <Tiles>
            <Immutable>false</Immutable>
            <Type>WALL</Type>
            <Position>
                <x>0</x>
                <y>3</y>
            </Position>
        </Tiles>
        <Tiles>
            <Immutable>false</Immutable>
            <Type>WALL</Type>
            <Position>
                <x>1</x>
                <y>3</y>
            </Position>
        </Tiles>
        <Tiles>
            <Immutable>false</Immutable>
            <Type>WALL</Type>
            <Position>
                <x>2</x>
                <y>3</y>
            </Position>
        </Tiles>
        <Tiles>
            <Immutable>false</Immutable>
            <Type>WALL</Type>
            <Position>
                <x>3</x>
                <y>3</y>
            </Position>
        </Tiles>
        <Tiles>
            <Immutable>false</Immutable>
            <Type>WALL</Type>
            <Position>
                <x>4</x>
                <y>3</y>
            </Position>
        </Tiles>
        <Tiles>
            <Immutable>false</Immutable>
            <Type>FLOOR</Type>
            <Position>
                <x>5</x>
                <y>3</y>
            </Position>
        </Tiles>
        <Tiles>
            <Immutable>false</Immutable>
            <Type>WALL</Type>
            <Position>
                <x>6</x>
                <y>3</y>
            </Position>
        </Tiles>
        <Tiles>
            <Immutable>false</Immutable>
            <Type>WALL</Type>
            <Position>
                <x>7</x>
                <y>3</y>
            </Position>
        </Tiles>
        <Tiles>
            <Immutable>false</Immutable>
            <Type>WALL</Type>
            <Position>
                <x>8</x>
                <y>3</y>
            </Position>
        </Tiles>
        <Tiles>
            <Immutable>false</Immutable>
            <Type>FLOOR</Type>
            <Position>
                <x>9</x>
                <y>3</y>
            </Position>
        </Tiles>
        <Tiles>
            <Immutable>false</Immutable>
            <Type>WALL</Type>
            <Position>
                <x>10</x>
                <y>3</y>
            </Position>
        </Tiles>
        <Tiles>
            <Immutable>false</Immutable>
            <Type>FLOOR</Type>
            <Position>
                <x>0</x>
                <y>4</y>
            </Position>
        </Tiles>
        <Tiles>
            <Immutable>false</Immutable>
            <Type>FLOOR</Type>
            <Position>
                <x>1</x>
                <y>4</y>
            </Position>
        </Tiles>
        <Tiles>
            <Immutable>false</Immutable>
            <Type>FLOOR</Type>
            <Position>
                <x>2</x>
                <y>4</y>
            </Position>
        </Tiles>
        <Tiles>
            <Immutable>false</Immutable>
            <Type>FLOOR</Type>
            <Position>
                <x>3</x>
                <y>4</y>
            </Position>
        </Tiles>
        <Tiles>
            <Immutable>false</Immutable>
            <Type>FLOOR</Type>
            <Position>
                <x>4</x>
                <y>4</y>
            </Position>
        </Tiles>
        <Tiles>
            <Immutable>false</Immutable>
            <Type>FLOOR</Type>
            <Position>
                <x>5</x>
                <y>4</y>
            </Position>
        </Tiles>
        <Tiles>
            <Immutable>false</Immutable>
            <Type>FLOOR</Type>
            <Position>
                <x>6</x>
                <y>4</y>
            </Position>
        </Tiles>
        <Tiles>
            <Immutable>false</Immutable>
            <Type>WALL</Type>
            <Position>
                <x>7</x>
                <y>4</y>
            </Position>
        </Tiles>
        <Tiles>
            <Immutable>false</Immutable>
            <Type>FLOOR</Type>
            <Position>
                <x>8</x>
                <y>4</y>
            </Position>
        </Tiles>
        <Tiles>
            <Immutable>false</Immutable>
            <Type>FLOOR</Type>
            <Position>
                <x>9</x>
                <y>4</y>
            </Position>
        </Tiles>
        <Tiles>
            <Immutable>false</Immutable>
            <Type>FLOOR</Type>
            <Position>
                <x>10</x>
                <y>4</y>
            </Position>
        </Tiles>
        <Tiles>
            <Immutable>false</Immutable>
            <Type>FLOOR</Type>
            <Position>
                <x>0</x>
                <y>5</y>
            </Position>
        </Tiles>
        <Tiles>
            <Immutable>false</Immutable>
            <Type>FLOOR</Type>
            <Position>
                <x>1</x>
                <y>5</y>
            </Position>
        </Tiles>
        <Tiles>
            <Immutable>false</Immutable>
            <Type>FLOOR</Type>
            <Position>
                <x>2</x>
                <y>5</y>
            </Position>
        </Tiles>
        <Tiles>
            <Immutable>false</Immutable>
            <Type>FLOOR</Type>
            <Position>
                <x>3</x>
                <y>5</y>
            </Position>
        </Tiles>
        <Tiles>
            <Immutable>false</Immutable>
            <Type>FLOOR</Type>
            <Position>
                <x>4</x>
                <y>5</y>
            </Position>
        </Tiles>
        <Tiles>
            <Immutable>false</Immutable>
            <Type>FLOOR</Type>
            <Position>
                <x>5</x>
                <y>5</y>
            </Position>
        </Tiles>
        <Tiles>
            <Immutable>false</Immutable>
            <Type>FLOOR</Type>
            <Position>
                <x>6</x>
                <y>5</y>
            </Position>
        </Tiles>
        <Tiles>
            <Immutable>false</Immutable>
            <Type>WALL</Type>
            <Position>
                <x>7</x>
                <y>5</y>
            </Position>
        </Tiles>
        <Tiles>
            <Immutable>false</Immutable>
            <Type>FLOOR</Type>
            <Position>
                <x>8</x>
                <y>5</y>
            </Position>
        </Tiles>
        <Tiles>
            <Immutable>false</Immutable>
            <Type>FLOOR</Type>
            <Position>
                <x>9</x>
                <y>5</y>
            </Position>
        </Tiles>
        <Tiles>
            <Immutable>false</Immutable>
            <Type>FLOOR</Type>
            <Position>
                <x>10</x>
                <y>5</y>
            </Position>
        </Tiles>
        <Tiles>
            <Immutable>false</Immutable>
            <Type>FLOOR</Type>
            <Position>
                <x>0</x>
                <y>6</y>
            </Position>
        </Tiles>
        <Tiles>
            <Immutable>false</Immutable>
            <Type>FLOOR</Type>
            <Position>
                <x>1</x>
                <y>6</y>
            </Position>
        </Tiles>
        <Tiles>
            <Immutable>false</Immutable>
            <Type>FLOOR</Type>
            <Position>
                <x>2</x>
                <y>6</y>
            </Position>
        </Tiles>
        <Tiles>
            <Immutable>false</Immutable>
            <Type>FLOOR</Type>
            <Position>
                <x>3</x>
                <y>6</y>
            </Position>
        </Tiles>
        <Tiles>
            <Immutable>false</Immutable>
            <Type>FLOOR</Type>
            <Position>
                <x>4</x>
                <y>6</y>
            </Position>
        </Tiles>
        <Tiles>
            <Immutable>false</Immutable>
            <Type>FLOOR</Type>
            <Position>
                <x>5</x>
                <y>6</y>
            </Position>
        </Tiles>
        <Tiles>
            <Immutable>false</Immutable>
            <Type>FLOOR</Type>
            <Position>
                <x>6</x>
                <y>6</y>
            </Position>
        </Tiles>
        <Tiles>
            <Immutable>false</Immutable>
            <Type>WALL</Type>
            <Position>
                <x>7</x>
                <y>6</y>
            </Position>
        </Tiles>
        <Tiles>
            <Immutable>false</Immutable>
            <Type>FLOOR</Type>
            <Position>
                <x>8</x>
                <y>6</y>
            </Position>
        </Tiles>
        <Tiles>
            <Immutable>false</Immutable>
            <Type>FLOOR</Type>
            <Position>
                <x>9</x>
                <y>6</y>
            </Position>
        </Tiles>
        <Tiles>
            <Immutable>false</Immutable>
            <Type>FLOOR</Type>
            <Position>
                <x>10</x>
                <y>6</y>
            </Position>
        </Tiles>
        <Tiles>
            <Immutable>false</Immutable>
            <Type>FLOOR</Type>
            <Position>
                <x>0</x>
                <y>7</y>
            </Position>
        </Tiles>
        <Tiles>
            <Immutable>false</Immutable>
            <Type>FLOOR</Type>
            <Position>
                <x>1</x>
                <y>7</y>
            </Position>
        </Tiles>
        <Tiles>
            <Immutable>false</Immutable>
            <Type>FLOOR</Type>
            <Position>
                <x>2</x>
                <y>7</y>
            </Position>
        </Tiles>
        <Tiles>
            <Immutable>false</Immutable>
            <Type>FLOOR</Type>
            <Position>
                <x>3</x>
                <y>7</y>
            </Position>
        </Tiles>
        <Tiles>
            <Immutable>false</Immutable>
            <Type>WALL</Type>
            <Position>
                <x>4</x>
                <y>7</y>
            </Position>
        </Tiles>
        <Tiles>
            <Immutable>false</Immutable>
            <Type>WALL</Type>
            <Position>
                <x>5</x>
                <y>7</y>
            </Position>
        </Tiles>
        <Tiles>
            <Immutable>false</Immutable>
            <Type>WALL</Type>
            <Position>
                <x>6</x>
                <y>7</y>
            </Position>
        </Tiles>
        <Tiles>
            <Immutable>false</Immutable>
            <Type>WALL</Type>
            <Position>
                <x>7</x>
                <y>7</y>
            </Position>
        </Tiles>
        <Tiles>
            <Immutable>false</Immutable>
            <Type>FLOOR</Type>
            <Position>
                <x>8</x>
                <y>7</y>
            </Position>
        </Tiles>
        <Tiles>
            <Immutable>false</Immutable>
            <Type>FLOOR</Type>
            <Position>
                <x>9</x>
                <y>7</y>
            </Position>
        </Tiles>
        <Tiles>
            <Immutable>false</Immutable>
            <Type>FLOOR</Type>
            <Position>
                <x>10</x>
                <y>7</y>
            </Position>
        </Tiles>
        <Tiles>
            <Immutable>false</Immutable>
            <Type>FLOOR</Type>
            <Position>
                <x>0</x>
                <y>8</y>
            </Position>
        </Tiles>
        <Tiles>
            <Immutable>false</Immutable>
            <Type>FLOOR</Type>
            <Position>
                <x>1</x>
                <y>8</y>
            </Position>
        </Tiles>
        <Tiles>
            <Immutable>false</Immutable>
            <Type>FLOOR</Type>
            <Position>
                <x>2</x>
                <y>8</y>
            </Position>
        </Tiles>
        <Tiles>
            <Immutable>false</Immutable>
            <Type>FLOOR</Type>
            <Position>
                <x>3</x>
                <y>8</y>
            </Position>
        </Tiles>
        <Tiles>
            <Immutable>false</Immutable>
            <Type>FLOOR</Type>
            <Position>
                <x>4</x>
                <y>8</y>
            </Position>
        </Tiles>
        <Tiles>
            <Immutable>false</Immutable>
            <Type>FLOOR</Type>
            <Position>
                <x>5</x>
                <y>8</y>
            </Position>
        </Tiles>
        <Tiles>
            <Immutable>false</Immutable>
            <Type>FLOOR</Type>
            <Position>
                <x>6</x>
                <y>8</y>
            </Position>
        </Tiles>
        <Tiles>
            <Immutable>false</Immutable>
            <Type>FLOOR</Type>
            <Position>
                <x>7</x>
                <y>8</y>
            </Position>
        </Tiles>
        <Tiles>
            <Immutable>false</Immutable>
            <Type>ENEMY</Type>
            <Position>
                <x>8</x>
                <y>8</y>
            </Position>
        </Tiles>
        <Tiles>
            <Immutable>false</Immutable>
            <Type>ENEMY</Type>
            <Position>
                <x>9</x>
                <y>8</y>
            </Position>
        </Tiles>
        <Tiles>
            <Immutable>false</Immutable>
            <Type>FLOOR</Type>
            <Position>
                <x>10</x>
                <y>8</y>
            </Position>
        </Tiles>
        <Tiles>
            <Immutable>false</Immutable>
            <Type>FLOOR</Type>
            <Position>
                <x>0</x>
                <y>9</y>
            </Position>
        </Tiles>
        <Tiles>
            <Immutable>false</Immutable>
            <Type>FLOOR</Type>
            <Position>
                <x>1</x>
                <y>9</y>
            </Position>
        </Tiles>
        <Tiles>
            <Immutable>false</Immutable>
            <Type>FLOOR</Type>
            <Position>
                <x>2</x>
                <y>9</y>
            </Position>
        </Tiles>
        <Tiles>
            <Immutable>false</Immutable>
            <Type>FLOOR</Type>
            <Position>
                <x>3</x>
                <y>9</y>
            </Position>
        </Tiles>
        <Tiles>
            <Immutable>false</Immutable>
            <Type>FLOOR</Type>
            <Position>
                <x>4</x>
                <y>9</y>
            </Position>
        </Tiles>
        <Tiles>
            <Immutable>false</Immutable>
            <Type>FLOOR</Type>
            <Position>
                <x>5</x>
                <y>9</y>
            </Position>
        </Tiles>
        <Tiles>
            <Immutable>false</Immutable>
            <Type>FLOOR</Type>
            <Position>
                <x>6</x>
                <y>9</y>
            </Position>
        </Tiles>
        <Tiles>
            <Immutable>false</Immutable>
            <Type>FLOOR</Type>
            <Position>
                <x>7</x>
                <y>9</y>
            </Position>
        </Tiles>
        <Tiles>
            <Immutable>false</Immutable>
            <Type>ENEMY</Type>
            <Position>
                <x>8</x>
                <y>9</y>
            </Position>
        </Tiles>
        <Tiles>
            <Immutable>false</Immutable>
            <Type>ENEMY</Type>
            <Position>
                <x>9</x>
                <y>9</y>
            </Position>
        </Tiles>
        <Tiles>
            <Immutable>false</Immutable>
            <Type>FLOOR</Type>
            <Position>
                <x>10</x>
                <y>9</y>
            </Position>
        </Tiles>
        <Tiles>
            <Immutable>false</Immutable>
            <Type>FLOOR</Type>
            <Position>
                <x>0</x>
                <y>10</y>
            </Position>
        </Tiles>
        <Tiles>
            <Immutable>false</Immutable>
            <Type>FLOOR</Type>
            <Position>
                <x>1</x>
                <y>10</y>
            </Position>
        </Tiles>
        <Tiles>
            <Immutable>false</Immutable>
            <Type>FLOOR</Type>
            <Position>
                <x>2</x>
                <y>10</y>
            </Position>
        </Tiles>
        <Tiles>
            <Immutable>false</Immutable>
            <Type>FLOOR</Type>
            <Position>
                <x>3</x>
                <y>10</y>
            </Position>
        </Tiles>
        <Tiles>
            <Immutable>false</Immutable>
            <Type>FLOOR</Type>
            <Position>
                <x>4</x>
                <y>10</y>
            </Position>
        </Tiles>
        <Tiles>
            <Immutable>false</Immutable>
            <Type>FLOOR</Type>
            <Position>
                <x>5</x>
                <y>10</y>
            </Position>
        </Tiles>
        <Tiles>
            <Immutable>false</Immutable>
            <Type>FLOOR</Type>
            <Position>
                <x>6</x>
                <y>10</y>
            </Position>
        </Tiles>
        <Tiles>
            <Immutable>false</Immutable>
            <Type>FLOOR</Type>
            <Position>
                <x>7</x>
                <y>10</y>
            </Position>
        </Tiles>
        <Tiles>
            <Immutable>false</Immutable>
            <Type>FLOOR</Type>
            <Position>
                <x>8</x>
                <y>10</y>
            </Position>
        </Tiles>
        <Tiles>
            <Immutable>false</Immutable>
            <Type>ENEMY</Type>
            <Position>
                <x>9</x>
                <y>10</y>
            </Position>
        </Tiles>
        <Tiles>
            <Immutable>false</Immutable>
            <Type>ENEMY</Type>
            <Position>
                <x>10</x>
                <y>10</y>
            </Position>
        </Tiles>
    </Rooms>
    <Rooms>
        <EntranceSafety>1.0</EntranceSafety>
        <Tiles>
            <Immutable>false</Immutable>
            <Type>FLOOR</Type>
            <Position>
                <x>0</x>
                <y>0</y>
            </Position>
        </Tiles>
        <Tiles>
            <Immutable>false</Immutable>
            <Type>FLOOR</Type>
            <Position>
                <x>1</x>
                <y>0</y>
            </Position>
        </Tiles>
        <Tiles>
            <Immutable>false</Immutable>
            <Type>FLOOR</Type>
            <Position>
                <x>2</x>
                <y>0</y>
            </Position>
        </Tiles>
        <Tiles>
            <Immutable>false</Immutable>
            <Type>FLOOR</Type>
            <Position>
                <x>3</x>
                <y>0</y>
            </Position>
        </Tiles>
        <Tiles>
            <Immutable>false</Immutable>
            <Type>FLOOR</Type>
            <Position>
                <x>4</x>
                <y>0</y>
            </Position>
        </Tiles>
        <Tiles>
            <Immutable>false</Immutable>
            <Type>FLOOR</Type>
            <Position>
                <x>5</x>
                <y>0</y>
            </Position>
        </Tiles>
        <Tiles>
            <Immutable>false</Immutable>
            <Type>FLOOR</Type>
            <Position>
                <x>6</x>
                <y>0</y>
            </Position>
        </Tiles>
        <Tiles>
            <Immutable>false</Immutable>
            <Type>FLOOR</Type>
            <Position>
                <x>7</x>
                <y>0</y>
            </Position>
        </Tiles>
        <Tiles>
            <Immutable>false</Immutable>
            <Type>FLOOR</Type>
            <Position>
                <x>8</x>
                <y>0</y>
            </Position>
        </Tiles>
        <Tiles>
            <Immutable>false</Immutable>
            <Type>FLOOR</Type>
            <Position>
                <x>9</x>
                <y>0</y>
            </Position>
        </Tiles>
        <Tiles>
            <Immutable>false</Immutable>
            <Type>FLOOR</Type>
            <Position>
                <x>10</x>
                <y>0</y>
            </Position>
        </Tiles>
        <Tiles>
            <Immutable>false</Immutable>
            <Type>FLOOR</Type>
            <Position>
                <x>0</x>
                <y>1</y>
            </Position>
        </Tiles>
        <Tiles>
            <Immutable>false</Immutable>
            <Type>FLOOR</Type>
            <Position>
                <x>1</x>
                <y>1</y>
            </Position>
        </Tiles>
        <Tiles>
            <Immutable>false</Immutable>
            <Type>FLOOR</Type>
            <Position>
                <x>2</x>
                <y>1</y>
            </Position>
        </Tiles>
        <Tiles>
            <Immutable>false</Immutable>
            <Type>FLOOR</Type>
            <Position>
                <x>3</x>
                <y>1</y>
            </Position>
        </Tiles>
        <Tiles>
            <Immutable>false</Immutable>
            <Type>FLOOR</Type>
            <Position>
                <x>4</x>
                <y>1</y>
            </Position>
        </Tiles>
        <Tiles>
            <Immutable>false</Immutable>
            <Type>FLOOR</Type>
            <Position>
                <x>5</x>
                <y>1</y>
            </Position>
        </Tiles>
        <Tiles>
            <Immutable>false</Immutable>
            <Type>FLOOR</Type>
            <Position>
                <x>6</x>
                <y>1</y>
            </Position>
        </Tiles>
        <Tiles>
            <Immutable>false</Immutable>
            <Type>FLOOR</Type>
            <Position>
                <x>7</x>
                <y>1</y>
            </Position>
        </Tiles>
        <Tiles>
            <Immutable>false</Immutable>
            <Type>FLOOR</Type>
            <Position>
                <x>8</x>
                <y>1</y>
            </Position>
        </Tiles>
        <Tiles>
            <Immutable>false</Immutable>
            <Type>FLOOR</Type>
            <Position>
                <x>9</x>
                <y>1</y>
            </Position>
        </Tiles>
        <Tiles>
            <Immutable>false</Immutable>
            <Type>FLOOR</Type>
            <Position>
                <x>10</x>
                <y>1</y>
            </Position>
        </Tiles>
        <Tiles>
            <Immutable>false</Immutable>
            <Type>FLOOR</Type>
            <Position>
                <x>0</x>
                <y>2</y>
            </Position>
        </Tiles>
        <Tiles>
            <Immutable>false</Immutable>
            <Type>FLOOR</Type>
            <Position>
                <x>1</x>
                <y>2</y>
            </Position>
        </Tiles>
        <Tiles>
            <Immutable>false</Immutable>
            <Type>FLOOR</Type>
            <Position>
                <x>2</x>
                <y>2</y>
            </Position>
        </Tiles>
        <Tiles>
            <Immutable>false</Immutable>
            <Type>FLOOR</Type>
            <Position>
                <x>3</x>
                <y>2</y>
            </Position>
        </Tiles>
        <Tiles>
            <Immutable>false</Immutable>
            <Type>FLOOR</Type>
            <Position>
                <x>4</x>
                <y>2</y>
            </Position>
        </Tiles>
        <Tiles>
            <Immutable>false</Immutable>
            <Type>FLOOR</Type>
            <Position>
                <x>5</x>
                <y>2</y>
            </Position>
        </Tiles>
        <Tiles>
            <Immutable>false</Immutable>
            <Type>FLOOR</Type>
            <Position>
                <x>6</x>
                <y>2</y>
            </Position>
        </Tiles>
        <Tiles>
            <Immutable>false</Immutable>
            <Type>FLOOR</Type>
            <Position>
                <x>7</x>
                <y>2</y>
            </Position>
        </Tiles>
        <Tiles>
            <Immutable>false</Immutable>
            <Type>FLOOR</Type>
            <Position>
                <x>8</x>
                <y>2</y>
            </Position>
        </Tiles>
        <Tiles>
            <Immutable>false</Immutable>
            <Type>FLOOR</Type>
            <Position>
                <x>9</x>
                <y>2</y>
            </Position>
        </Tiles>
        <Tiles>
            <Immutable>false</Immutable>
            <Type>FLOOR</Type>
            <Position>
                <x>10</x>
                <y>2</y>
            </Position>
        </Tiles>
        <Tiles>
            <Immutable>false</Immutable>
            <Type>FLOOR</Type>
            <Position>
                <x>0</x>
                <y>3</y>
            </Position>
        </Tiles>
        <Tiles>
            <Immutable>false</Immutable>
            <Type>FLOOR</Type>
            <Position>
                <x>1</x>
                <y>3</y>
            </Position>
        </Tiles>
        <Tiles>
            <Immutable>false</Immutable>
            <Type>FLOOR</Type>
            <Position>
                <x>2</x>
                <y>3</y>
            </Position>
        </Tiles>
        <Tiles>
            <Immutable>false</Immutable>
            <Type>FLOOR</Type>
            <Position>
                <x>3</x>
                <y>3</y>
            </Position>
        </Tiles>
        <Tiles>
            <Immutable>false</Immutable>
            <Type>FLOOR</Type>
            <Position>
                <x>4</x>
                <y>3</y>
            </Position>
        </Tiles>
        <Tiles>
            <Immutable>false</Immutable>
            <Type>FLOOR</Type>
            <Position>
                <x>5</x>
                <y>3</y>
            </Position>
        </Tiles>
        <Tiles>
            <Immutable>false</Immutable>
            <Type>FLOOR</Type>
            <Position>
                <x>6</x>
                <y>3</y>
            </Position>
        </Tiles>
        <Tiles>
            <Immutable>false</Immutable>
            <Type>FLOOR</Type>
            <Position>
                <x>7</x>
                <y>3</y>
            </Position>
        </Tiles>
        <Tiles>
            <Immutable>false</Immutable>
            <Type>FLOOR</Type>
            <Position>
                <x>8</x>
                <y>3</y>
            </Position>
        </Tiles>
        <Tiles>
            <Immutable>false</Immutable>
            <Type>FLOOR</Type>
            <Position>
                <x>9</x>
                <y>3</y>
            </Position>
        </Tiles>
        <Tiles>
            <Immutable>false</Immutable>
            <Type>FLOOR</Type>
            <Position>
                <x>10</x>
                <y>3</y>
            </Position>
        </Tiles>
        <Tiles>
            <Immutable>false</Immutable>
            <Type>FLOOR</Type>
            <Position>
                <x>0</x>
                <y>4</y>
            </Position>
        </Tiles>
        <Tiles>
            <Immutable>false</Immutable>
            <Type>FLOOR</Type>
            <Position>
                <x>1</x>
                <y>4</y>
            </Position>
        </Tiles>
        <Tiles>
            <Immutable>false</Immutable>
            <Type>FLOOR</Type>
            <Position>
                <x>2</x>
                <y>4</y>
            </Position>
        </Tiles>
        <Tiles>
            <Immutable>false</Immutable>
            <Type>FLOOR</Type>
            <Position>
                <x>3</x>
                <y>4</y>
            </Position>
        </Tiles>
        <Tiles>
            <Immutable>false</Immutable>
            <Type>FLOOR</Type>
            <Position>
                <x>4</x>
                <y>4</y>
            </Position>
        </Tiles>
        <Tiles>
            <Immutable>false</Immutable>
            <Type>FLOOR</Type>
            <Position>
                <x>5</x>
                <y>4</y>
            </Position>
        </Tiles>
        <Tiles>
            <Immutable>false</Immutable>
            <Type>FLOOR</Type>
            <Position>
                <x>6</x>
                <y>4</y>
            </Position>
        </Tiles>
        <Tiles>
            <Immutable>false</Immutable>
            <Type>FLOOR</Type>
            <Position>
                <x>7</x>
                <y>4</y>
            </Position>
        </Tiles>
        <Tiles>
            <Immutable>false</Immutable>
            <Type>FLOOR</Type>
            <Position>
                <x>8</x>
                <y>4</y>
            </Position>
        </Tiles>
        <Tiles>
            <Immutable>false</Immutable>
            <Type>FLOOR</Type>
            <Position>
                <x>9</x>
                <y>4</y>
            </Position>
        </Tiles>
        <Tiles>
            <Immutable>false</Immutable>
            <Type>FLOOR</Type>
            <Position>
                <x>10</x>
                <y>4</y>
            </Position>
        </Tiles>
        <Tiles>
            <Immutable>false</Immutable>
            <Type>FLOOR</Type>
            <Position>
                <x>0</x>
                <y>5</y>
            </Position>
        </Tiles>
        <Tiles>
            <Immutable>false</Immutable>
            <Type>FLOOR</Type>
            <Position>
                <x>1</x>
                <y>5</y>
            </Position>
        </Tiles>
        <Tiles>
            <Immutable>false</Immutable>
            <Type>FLOOR</Type>
            <Position>
                <x>2</x>
                <y>5</y>
            </Position>
        </Tiles>
        <Tiles>
            <Immutable>false</Immutable>
            <Type>FLOOR</Type>
            <Position>
                <x>3</x>
                <y>5</y>
            </Position>
        </Tiles>
        <Tiles>
            <Immutable>false</Immutable>
            <Type>FLOOR</Type>
            <Position>
                <x>4</x>
                <y>5</y>
            </Position>
        </Tiles>
        <Tiles>
            <Immutable>false</Immutable>
            <Type>FLOOR</Type>
            <Position>
                <x>5</x>
                <y>5</y>
            </Position>
        </Tiles>
        <Tiles>
            <Immutable>false</Immutable>
            <Type>FLOOR</Type>
            <Position>
                <x>6</x>
                <y>5</y>
            </Position>
        </Tiles>
        <Tiles>
            <Immutable>false</Immutable>
            <Type>FLOOR</Type>
            <Position>
                <x>7</x>
                <y>5</y>
            </Position>
        </Tiles>
        <Tiles>
            <Immutable>false</Immutable>
            <Type>FLOOR</Type>
            <Position>
                <x>8</x>
                <y>5</y>
            </Position>
        </Tiles>
        <Tiles>
            <Immutable>false</Immutable>
            <Type>FLOOR</Type>
            <Position>
                <x>9</x>
                <y>5</y>
            </Position>
        </Tiles>
        <Tiles>
            <Immutable>false</Immutable>
            <Type>FLOOR</Type>
            <Position>
                <x>10</x>
                <y>5</y>
            </Position>
        </Tiles>
        <Tiles>
            <Immutable>false</Immutable>
            <Type>FLOOR</Type>
            <Position>
                <x>0</x>
                <y>6</y>
            </Position>
        </Tiles>
        <Tiles>
            <Immutable>false</Immutable>
            <Type>FLOOR</Type>
            <Position>
                <x>1</x>
                <y>6</y>
            </Position>
        </Tiles>
        <Tiles>
            <Immutable>false</Immutable>
            <Type>FLOOR</Type>
            <Position>
                <x>2</x>
                <y>6</y>
            </Position>
        </Tiles>
        <Tiles>
            <Immutable>false</Immutable>
            <Type>FLOOR</Type>
            <Position>
                <x>3</x>
                <y>6</y>
            </Position>
        </Tiles>
        <Tiles>
            <Immutable>false</Immutable>
            <Type>FLOOR</Type>
            <Position>
                <x>4</x>
                <y>6</y>
            </Position>
        </Tiles>
        <Tiles>
            <Immutable>false</Immutable>
            <Type>FLOOR</Type>
            <Position>
                <x>5</x>
                <y>6</y>
            </Position>
        </Tiles>
        <Tiles>
            <Immutable>false</Immutable>
            <Type>FLOOR</Type>
            <Position>
                <x>6</x>
                <y>6</y>
            </Position>
        </Tiles>
        <Tiles>
            <Immutable>false</Immutable>
            <Type>FLOOR</Type>
            <Position>
                <x>7</x>
                <y>6</y>
            </Position>
        </Tiles>
        <Tiles>
            <Immutable>false</Immutable>
            <Type>FLOOR</Type>
            <Position>
                <x>8</x>
                <y>6</y>
            </Position>
        </Tiles>
        <Tiles>
            <Immutable>false</Immutable>
            <Type>FLOOR</Type>
            <Position>
                <x>9</x>
                <y>6</y>
            </Position>
        </Tiles>
        <Tiles>
            <Immutable>false</Immutable>
            <Type>DOORENTER</Type>
            <Position>
                <x>10</x>
                <y>6</y>
            </Position>
        </Tiles>
        <Tiles>
            <Immutable>false</Immutable>
            <Type>FLOOR</Type>
            <Position>
                <x>0</x>
                <y>7</y>
            </Position>
        </Tiles>
        <Tiles>
            <Immutable>false</Immutable>
            <Type>FLOOR</Type>
            <Position>
                <x>1</x>
                <y>7</y>
            </Position>
        </Tiles>
        <Tiles>
            <Immutable>false</Immutable>
            <Type>FLOOR</Type>
            <Position>
                <x>2</x>
                <y>7</y>
            </Position>
        </Tiles>
        <Tiles>
            <Immutable>false</Immutable>
            <Type>FLOOR</Type>
            <Position>
                <x>3</x>
                <y>7</y>
            </Position>
        </Tiles>
        <Tiles>
            <Immutable>false</Immutable>
            <Type>FLOOR</Type>
            <Position>
                <x>4</x>
                <y>7</y>
            </Position>
        </Tiles>
        <Tiles>
            <Immutable>false</Immutable>
            <Type>FLOOR</Type>
            <Position>
                <x>5</x>
                <y>7</y>
            </Position>
        </Tiles>
        <Tiles>
            <Immutable>false</Immutable>
            <Type>FLOOR</Type>
            <Position>
                <x>6</x>
                <y>7</y>
            </Position>
        </Tiles>
        <Tiles>
            <Immutable>false</Immutable>
            <Type>FLOOR</Type>
            <Position>
                <x>7</x>
                <y>7</y>
            </Position>
        </Tiles>
        <Tiles>
            <Immutable>false</Immutable>
            <Type>FLOOR</Type>
            <Position>
                <x>8</x>
                <y>7</y>
            </Position>
        </Tiles>
        <Tiles>
            <Immutable>false</Immutable>
            <Type>FLOOR</Type>
            <Position>
                <x>9</x>
                <y>7</y>
            </Position>
        </Tiles>
        <Tiles>
            <Immutable>false</Immutable>
            <Type>FLOOR</Type>
            <Position>
                <x>10</x>
                <y>7</y>
            </Position>
        </Tiles>
        <Tiles>
            <Immutable>false</Immutable>
            <Type>FLOOR</Type>
            <Position>
                <x>0</x>
                <y>8</y>
            </Position>
        </Tiles>
        <Tiles>
            <Immutable>false</Immutable>
            <Type>FLOOR</Type>
            <Position>
                <x>1</x>
                <y>8</y>
            </Position>
        </Tiles>
        <Tiles>
            <Immutable>false</Immutable>
            <Type>FLOOR</Type>
            <Position>
                <x>2</x>
                <y>8</y>
            </Position>
        </Tiles>
        <Tiles>
            <Immutable>false</Immutable>
            <Type>FLOOR</Type>
            <Position>
                <x>3</x>
                <y>8</y>
            </Position>
        </Tiles>
        <Tiles>
            <Immutable>false</Immutable>
            <Type>FLOOR</Type>
            <Position>
                <x>4</x>
                <y>8</y>
            </Position>
        </Tiles>
        <Tiles>
            <Immutable>false</Immutable>
            <Type>FLOOR</Type>
            <Position>
                <x>5</x>
                <y>8</y>
            </Position>
        </Tiles>
        <Tiles>
            <Immutable>false</Immutable>
            <Type>FLOOR</Type>
            <Position>
                <x>6</x>
                <y>8</y>
            </Position>
        </Tiles>
        <Tiles>
            <Immutable>false</Immutable>
            <Type>FLOOR</Type>
            <Position>
                <x>7</x>
                <y>8</y>
            </Position>
        </Tiles>
        <Tiles>
            <Immutable>false</Immutable>
            <Type>FLOOR</Type>
            <Position>
                <x>8</x>
                <y>8</y>
            </Position>
        </Tiles>
        <Tiles>
            <Immutable>false</Immutable>
            <Type>FLOOR</Type>
            <Position>
                <x>9</x>
                <y>8</y>
            </Position>
        </Tiles>
        <Tiles>
            <Immutable>false</Immutable>
            <Type>FLOOR</Type>
            <Position>
                <x>10</x>
                <y>8</y>
            </Position>
        </Tiles>
        <Tiles>
            <Immutable>false</Immutable>
            <Type>FLOOR</Type>
            <Position>
                <x>0</x>
                <y>9</y>
            </Position>
        </Tiles>
        <Tiles>
            <Immutable>false</Immutable>
            <Type>FLOOR</Type>
            <Position>
                <x>1</x>
                <y>9</y>
            </Position>
        </Tiles>
        <Tiles>
            <Immutable>false</Immutable>
            <Type>FLOOR</Type>
            <Position>
                <x>2</x>
                <y>9</y>
            </Position>
        </Tiles>
        <Tiles>
            <Immutable>false</Immutable>
            <Type>FLOOR</Type>
            <Position>
                <x>3</x>
                <y>9</y>
            </Position>
        </Tiles>
        <Tiles>
            <Immutable>false</Immutable>
            <Type>FLOOR</Type>
            <Position>
                <x>4</x>
                <y>9</y>
            </Position>
        </Tiles>
        <Tiles>
            <Immutable>false</Immutable>
            <Type>FLOOR</Type>
            <Position>
                <x>5</x>
                <y>9</y>
            </Position>
        </Tiles>
        <Tiles>
            <Immutable>false</Immutable>
            <Type>FLOOR</Type>
            <Position>
                <x>6</x>
                <y>9</y>
            </Position>
        </Tiles>
        <Tiles>
            <Immutable>false</Immutable>
            <Type>FLOOR</Type>
            <Position>
                <x>7</x>
                <y>9</y>
            </Position>
        </Tiles>
        <Tiles>
            <Immutable>false</Immutable>
            <Type>FLOOR</Type>
            <Position>
                <x>8</x>
                <y>9</y>
            </Position>
        </Tiles>
        <Tiles>
            <Immutable>false</Immutable>
            <Type>FLOOR</Type>
            <Position>
                <x>9</x>
                <y>9</y>
            </Position>
        </Tiles>
        <Tiles>
            <Immutable>false</Immutable>
            <Type>FLOOR</Type>
            <Position>
                <x>10</x>
                <y>9</y>
            </Position>
        </Tiles>
        <Tiles>
            <Immutable>false</Immutable>
            <Type>FLOOR</Type>
            <Position>
                <x>0</x>
                <y>10</y>
            </Position>
        </Tiles>
        <Tiles>
            <Immutable>false</Immutable>
            <Type>FLOOR</Type>
            <Position>
                <x>1</x>
                <y>10</y>
            </Position>
        </Tiles>
        <Tiles>
            <Immutable>false</Immutable>
            <Type>FLOOR</Type>
            <Position>
                <x>2</x>
                <y>10</y>
            </Position>
        </Tiles>
        <Tiles>
            <Immutable>false</Immutable>
            <Type>FLOOR</Type>
            <Position>
                <x>3</x>
                <y>10</y>
            </Position>
        </Tiles>
        <Tiles>
            <Immutable>false</Immutable>
            <Type>FLOOR</Type>
            <Position>
                <x>4</x>
                <y>10</y>
            </Position>
        </Tiles>
        <Tiles>
            <Immutable>false</Immutable>
            <Type>FLOOR</Type>
            <Position>
                <x>5</x>
                <y>10</y>
            </Position>
        </Tiles>
        <Tiles>
            <Immutable>false</Immutable>
            <Type>FLOOR</Type>
            <Position>
                <x>6</x>
                <y>10</y>
            </Position>
        </Tiles>
        <Tiles>
            <Immutable>false</Immutable>
            <Type>FLOOR</Type>
            <Position>
                <x>7</x>
                <y>10</y>
            </Position>
        </Tiles>
        <Tiles>
            <Immutable>false</Immutable>
            <Type>FLOOR</Type>
            <Position>
                <x>8</x>
                <y>10</y>
            </Position>
        </Tiles>
        <Tiles>
            <Immutable>false</Immutable>
            <Type>FLOOR</Type>
            <Position>
                <x>9</x>
                <y>10</y>
            </Position>
        </Tiles>
        <Tiles>
            <Immutable>false</Immutable>
            <Type>FLOOR</Type>
            <Position>
                <x>10</x>
                <y>10</y>
            </Position>
        </Tiles>
    </Rooms>
</DungeonModel>
